<?xml version="1.0" encoding="ISO-8859-1" ?>
<link_info>
   <banner>MSP430 Linker Unix v21.6.0.LTS</banner>
   <copyright>Copyright (c) 2003-2018 Texas Instruments Incorporated</copyright>
   <link_time>0x618d82c7</link_time>
   <link_errors>0x2</link_errors>
   <output_file>OutOfBox_MSP430FR2433.out</output_file>
   <entry_point>
      <name>_c_int00_noargs</name>
      <address>0x47ac</address>
   </entry_point>
   <input_file_list>
      <input_file id="fl-2">
         <path>./</path>
         <kind>object</kind>
         <file>FRAMLogMode.obj</file>
         <name>FRAMLogMode.obj</name>
      </input_file>
      <input_file id="fl-3">
         <path>./</path>
         <kind>object</kind>
         <file>GUIComm_JSON.obj</file>
         <name>GUIComm_JSON.obj</name>
      </input_file>
      <input_file id="fl-4">
         <path>./</path>
         <kind>object</kind>
         <file>LiveTempMode.obj</file>
         <name>LiveTempMode.obj</name>
      </input_file>
      <input_file id="fl-5">
         <path>./</path>
         <kind>object</kind>
         <file>callbacks_JSON.obj</file>
         <name>callbacks_JSON.obj</name>
      </input_file>
      <input_file id="fl-6">
         <path>./</path>
         <kind>object</kind>
         <file>ctpl_msp430fr2433.obj</file>
         <name>ctpl_msp430fr2433.obj</name>
      </input_file>
      <input_file id="fl-7">
         <path>./</path>
         <kind>object</kind>
         <file>ctpl_pre_init.obj</file>
         <name>ctpl_pre_init.obj</name>
      </input_file>
      <input_file id="fl-8">
         <path>./</path>
         <kind>object</kind>
         <file>main.obj</file>
         <name>main.obj</name>
      </input_file>
      <input_file id="fl-9">
         <path>./MSP430_GUI/</path>
         <kind>object</kind>
         <file>GUI_JSON.obj</file>
         <name>GUI_JSON.obj</name>
      </input_file>
      <input_file id="fl-a">
         <path>./MSP430_HAL/</path>
         <kind>object</kind>
         <file>HAL_GUIComm_UART_FR243x.obj</file>
         <name>HAL_GUIComm_UART_FR243x.obj</name>
      </input_file>
      <input_file id="fl-b">
         <path>./MSP430_HAL/</path>
         <kind>object</kind>
         <file>HAL_IO_FR243x.obj</file>
         <name>HAL_IO_FR243x.obj</name>
      </input_file>
      <input_file id="fl-c">
         <path>./MSP430_HAL/</path>
         <kind>object</kind>
         <file>HAL_System_FR243x.obj</file>
         <name>HAL_System_FR243x.obj</name>
      </input_file>
      <input_file id="fl-d">
         <path>./driverlib/MSP430FR2xx_4xx/</path>
         <kind>object</kind>
         <file>adc.obj</file>
         <name>adc.obj</name>
      </input_file>
      <input_file id="fl-e">
         <path>./driverlib/MSP430FR2xx_4xx/</path>
         <kind>object</kind>
         <file>crc.obj</file>
         <name>crc.obj</name>
      </input_file>
      <input_file id="fl-f">
         <path>./driverlib/MSP430FR2xx_4xx/</path>
         <kind>object</kind>
         <file>cs.obj</file>
         <name>cs.obj</name>
      </input_file>
      <input_file id="fl-10">
         <path>./driverlib/MSP430FR2xx_4xx/</path>
         <kind>object</kind>
         <file>ecomp.obj</file>
         <name>ecomp.obj</name>
      </input_file>
      <input_file id="fl-11">
         <path>./driverlib/MSP430FR2xx_4xx/</path>
         <kind>object</kind>
         <file>eusci_a_spi.obj</file>
         <name>eusci_a_spi.obj</name>
      </input_file>
      <input_file id="fl-12">
         <path>./driverlib/MSP430FR2xx_4xx/</path>
         <kind>object</kind>
         <file>eusci_a_uart.obj</file>
         <name>eusci_a_uart.obj</name>
      </input_file>
      <input_file id="fl-13">
         <path>./driverlib/MSP430FR2xx_4xx/</path>
         <kind>object</kind>
         <file>eusci_b_i2c.obj</file>
         <name>eusci_b_i2c.obj</name>
      </input_file>
      <input_file id="fl-14">
         <path>./driverlib/MSP430FR2xx_4xx/</path>
         <kind>object</kind>
         <file>eusci_b_spi.obj</file>
         <name>eusci_b_spi.obj</name>
      </input_file>
      <input_file id="fl-15">
         <path>./driverlib/MSP430FR2xx_4xx/</path>
         <kind>object</kind>
         <file>framctl.obj</file>
         <name>framctl.obj</name>
      </input_file>
      <input_file id="fl-16">
         <path>./driverlib/MSP430FR2xx_4xx/</path>
         <kind>object</kind>
         <file>gpio.obj</file>
         <name>gpio.obj</name>
      </input_file>
      <input_file id="fl-17">
         <path>./driverlib/MSP430FR2xx_4xx/</path>
         <kind>object</kind>
         <file>lcd_e.obj</file>
         <name>lcd_e.obj</name>
      </input_file>
      <input_file id="fl-18">
         <path>./driverlib/MSP430FR2xx_4xx/</path>
         <kind>object</kind>
         <file>mpy32.obj</file>
         <name>mpy32.obj</name>
      </input_file>
      <input_file id="fl-19">
         <path>./driverlib/MSP430FR2xx_4xx/</path>
         <kind>object</kind>
         <file>pmm.obj</file>
         <name>pmm.obj</name>
      </input_file>
      <input_file id="fl-1a">
         <path>./driverlib/MSP430FR2xx_4xx/</path>
         <kind>object</kind>
         <file>rtc.obj</file>
         <name>rtc.obj</name>
      </input_file>
      <input_file id="fl-1b">
         <path>./driverlib/MSP430FR2xx_4xx/</path>
         <kind>object</kind>
         <file>sac.obj</file>
         <name>sac.obj</name>
      </input_file>
      <input_file id="fl-1c">
         <path>./driverlib/MSP430FR2xx_4xx/</path>
         <kind>object</kind>
         <file>sfr.obj</file>
         <name>sfr.obj</name>
      </input_file>
      <input_file id="fl-1d">
         <path>./driverlib/MSP430FR2xx_4xx/</path>
         <kind>object</kind>
         <file>sysctl.obj</file>
         <name>sysctl.obj</name>
      </input_file>
      <input_file id="fl-1e">
         <path>./driverlib/MSP430FR2xx_4xx/</path>
         <kind>object</kind>
         <file>tia.obj</file>
         <name>tia.obj</name>
      </input_file>
      <input_file id="fl-1f">
         <path>./driverlib/MSP430FR2xx_4xx/</path>
         <kind>object</kind>
         <file>timer_a.obj</file>
         <name>timer_a.obj</name>
      </input_file>
      <input_file id="fl-20">
         <path>./driverlib/MSP430FR2xx_4xx/</path>
         <kind>object</kind>
         <file>timer_b.obj</file>
         <name>timer_b.obj</name>
      </input_file>
      <input_file id="fl-21">
         <path>./driverlib/MSP430FR2xx_4xx/</path>
         <kind>object</kind>
         <file>tlv.obj</file>
         <name>tlv.obj</name>
      </input_file>
      <input_file id="fl-22">
         <path>./driverlib/MSP430FR2xx_4xx/</path>
         <kind>object</kind>
         <file>wdt_a.obj</file>
         <name>wdt_a.obj</name>
      </input_file>
      <input_file id="fl-23">
         <path>./fram-utilities/ctpl/</path>
         <kind>object</kind>
         <file>ctpl.obj</file>
         <name>ctpl.obj</name>
      </input_file>
      <input_file id="fl-24">
         <path>./fram-utilities/ctpl/</path>
         <kind>object</kind>
         <file>ctpl_low_level.obj</file>
         <name>ctpl_low_level.obj</name>
      </input_file>
      <input_file id="fl-25">
         <path>./fram-utilities/ctpl/</path>
         <kind>object</kind>
         <file>ctpl_low_level_macros.obj</file>
         <name>ctpl_low_level_macros.obj</name>
      </input_file>
      <input_file id="fl-26">
         <path>./fram-utilities/ctpl/peripherals/</path>
         <kind>object</kind>
         <file>ctpl_adc.obj</file>
         <name>ctpl_adc.obj</name>
      </input_file>
      <input_file id="fl-27">
         <path>./fram-utilities/ctpl/peripherals/</path>
         <kind>object</kind>
         <file>ctpl_adc10_b.obj</file>
         <name>ctpl_adc10_b.obj</name>
      </input_file>
      <input_file id="fl-28">
         <path>./fram-utilities/ctpl/peripherals/</path>
         <kind>object</kind>
         <file>ctpl_adc12_b.obj</file>
         <name>ctpl_adc12_b.obj</name>
      </input_file>
      <input_file id="fl-29">
         <path>./fram-utilities/ctpl/peripherals/</path>
         <kind>object</kind>
         <file>ctpl_captio.obj</file>
         <name>ctpl_captio.obj</name>
      </input_file>
      <input_file id="fl-2a">
         <path>./fram-utilities/ctpl/peripherals/</path>
         <kind>object</kind>
         <file>ctpl_comp_d.obj</file>
         <name>ctpl_comp_d.obj</name>
      </input_file>
      <input_file id="fl-2b">
         <path>./fram-utilities/ctpl/peripherals/</path>
         <kind>object</kind>
         <file>ctpl_comp_e.obj</file>
         <name>ctpl_comp_e.obj</name>
      </input_file>
      <input_file id="fl-2c">
         <path>./fram-utilities/ctpl/peripherals/</path>
         <kind>object</kind>
         <file>ctpl_crc16.obj</file>
         <name>ctpl_crc16.obj</name>
      </input_file>
      <input_file id="fl-2d">
         <path>./fram-utilities/ctpl/peripherals/</path>
         <kind>object</kind>
         <file>ctpl_crc32.obj</file>
         <name>ctpl_crc32.obj</name>
      </input_file>
      <input_file id="fl-2e">
         <path>./fram-utilities/ctpl/peripherals/</path>
         <kind>object</kind>
         <file>ctpl_cs.obj</file>
         <name>ctpl_cs.obj</name>
      </input_file>
      <input_file id="fl-2f">
         <path>./fram-utilities/ctpl/peripherals/</path>
         <kind>object</kind>
         <file>ctpl_dmax_3.obj</file>
         <name>ctpl_dmax_3.obj</name>
      </input_file>
      <input_file id="fl-30">
         <path>./fram-utilities/ctpl/peripherals/</path>
         <kind>object</kind>
         <file>ctpl_dmax_6.obj</file>
         <name>ctpl_dmax_6.obj</name>
      </input_file>
      <input_file id="fl-31">
         <path>./fram-utilities/ctpl/peripherals/</path>
         <kind>object</kind>
         <file>ctpl_ecomp.obj</file>
         <name>ctpl_ecomp.obj</name>
      </input_file>
      <input_file id="fl-32">
         <path>./fram-utilities/ctpl/peripherals/</path>
         <kind>object</kind>
         <file>ctpl_eusci_a.obj</file>
         <name>ctpl_eusci_a.obj</name>
      </input_file>
      <input_file id="fl-33">
         <path>./fram-utilities/ctpl/peripherals/</path>
         <kind>object</kind>
         <file>ctpl_eusci_b.obj</file>
         <name>ctpl_eusci_b.obj</name>
      </input_file>
      <input_file id="fl-34">
         <path>./fram-utilities/ctpl/peripherals/</path>
         <kind>object</kind>
         <file>ctpl_fram.obj</file>
         <name>ctpl_fram.obj</name>
      </input_file>
      <input_file id="fl-35">
         <path>./fram-utilities/ctpl/peripherals/</path>
         <kind>object</kind>
         <file>ctpl_lcd_c.obj</file>
         <name>ctpl_lcd_c.obj</name>
      </input_file>
      <input_file id="fl-36">
         <path>./fram-utilities/ctpl/peripherals/</path>
         <kind>object</kind>
         <file>ctpl_lcd_e.obj</file>
         <name>ctpl_lcd_e.obj</name>
      </input_file>
      <input_file id="fl-37">
         <path>./fram-utilities/ctpl/peripherals/</path>
         <kind>object</kind>
         <file>ctpl_mpu.obj</file>
         <name>ctpl_mpu.obj</name>
      </input_file>
      <input_file id="fl-38">
         <path>./fram-utilities/ctpl/peripherals/</path>
         <kind>object</kind>
         <file>ctpl_mpy32.obj</file>
         <name>ctpl_mpy32.obj</name>
      </input_file>
      <input_file id="fl-39">
         <path>./fram-utilities/ctpl/peripherals/</path>
         <kind>object</kind>
         <file>ctpl_pmm.obj</file>
         <name>ctpl_pmm.obj</name>
      </input_file>
      <input_file id="fl-3a">
         <path>./fram-utilities/ctpl/peripherals/</path>
         <kind>object</kind>
         <file>ctpl_port.obj</file>
         <name>ctpl_port.obj</name>
      </input_file>
      <input_file id="fl-3b">
         <path>./fram-utilities/ctpl/peripherals/</path>
         <kind>object</kind>
         <file>ctpl_port_int.obj</file>
         <name>ctpl_port_int.obj</name>
      </input_file>
      <input_file id="fl-3c">
         <path>./fram-utilities/ctpl/peripherals/</path>
         <kind>object</kind>
         <file>ctpl_rc.obj</file>
         <name>ctpl_rc.obj</name>
      </input_file>
      <input_file id="fl-3d">
         <path>./fram-utilities/ctpl/peripherals/</path>
         <kind>object</kind>
         <file>ctpl_ref_a.obj</file>
         <name>ctpl_ref_a.obj</name>
      </input_file>
      <input_file id="fl-3e">
         <path>./fram-utilities/ctpl/peripherals/</path>
         <kind>object</kind>
         <file>ctpl_rtc.obj</file>
         <name>ctpl_rtc.obj</name>
      </input_file>
      <input_file id="fl-3f">
         <path>./fram-utilities/ctpl/peripherals/</path>
         <kind>object</kind>
         <file>ctpl_rtc_b.obj</file>
         <name>ctpl_rtc_b.obj</name>
      </input_file>
      <input_file id="fl-40">
         <path>./fram-utilities/ctpl/peripherals/</path>
         <kind>object</kind>
         <file>ctpl_rtc_c.obj</file>
         <name>ctpl_rtc_c.obj</name>
      </input_file>
      <input_file id="fl-41">
         <path>./fram-utilities/ctpl/peripherals/</path>
         <kind>object</kind>
         <file>ctpl_sac.obj</file>
         <name>ctpl_sac.obj</name>
      </input_file>
      <input_file id="fl-42">
         <path>./fram-utilities/ctpl/peripherals/</path>
         <kind>object</kind>
         <file>ctpl_sfr.obj</file>
         <name>ctpl_sfr.obj</name>
      </input_file>
      <input_file id="fl-43">
         <path>./fram-utilities/ctpl/peripherals/</path>
         <kind>object</kind>
         <file>ctpl_sys.obj</file>
         <name>ctpl_sys.obj</name>
      </input_file>
      <input_file id="fl-44">
         <path>./fram-utilities/ctpl/peripherals/</path>
         <kind>object</kind>
         <file>ctpl_timer_2.obj</file>
         <name>ctpl_timer_2.obj</name>
      </input_file>
      <input_file id="fl-45">
         <path>./fram-utilities/ctpl/peripherals/</path>
         <kind>object</kind>
         <file>ctpl_timer_3.obj</file>
         <name>ctpl_timer_3.obj</name>
      </input_file>
      <input_file id="fl-46">
         <path>./fram-utilities/ctpl/peripherals/</path>
         <kind>object</kind>
         <file>ctpl_timer_5.obj</file>
         <name>ctpl_timer_5.obj</name>
      </input_file>
      <input_file id="fl-47">
         <path>./fram-utilities/ctpl/peripherals/</path>
         <kind>object</kind>
         <file>ctpl_timer_7.obj</file>
         <name>ctpl_timer_7.obj</name>
      </input_file>
      <input_file id="fl-48">
         <path>./fram-utilities/ctpl/peripherals/</path>
         <kind>object</kind>
         <file>ctpl_tri.obj</file>
         <name>ctpl_tri.obj</name>
      </input_file>
      <input_file id="fl-49">
         <path>./fram-utilities/ctpl/peripherals/</path>
         <kind>object</kind>
         <file>ctpl_wdt_a.obj</file>
         <name>ctpl_wdt_a.obj</name>
      </input_file>
      <input_file id="fl-4a">
         <path>./fram-utilities/nvs/</path>
         <kind>object</kind>
         <file>nvs_data.obj</file>
         <name>nvs_data.obj</name>
      </input_file>
      <input_file id="fl-4b">
         <path>./fram-utilities/nvs/</path>
         <kind>object</kind>
         <file>nvs_log.obj</file>
         <name>nvs_log.obj</name>
      </input_file>
      <input_file id="fl-4c">
         <path>./fram-utilities/nvs/</path>
         <kind>object</kind>
         <file>nvs_ring.obj</file>
         <name>nvs_ring.obj</name>
      </input_file>
      <input_file id="fl-4d">
         <path>./fram-utilities/nvs/</path>
         <kind>object</kind>
         <file>nvs_support.obj</file>
         <name>nvs_support.obj</name>
      </input_file>
      <input_file id="fl-4e">
         <path>./jsmn/</path>
         <kind>object</kind>
         <file>jsmn.obj</file>
         <name>jsmn.obj</name>
      </input_file>
      <input_file id="fl-56">
         <kind>object</kind>
         <file>&lt;internal&gt;</file>
         <name>&lt;internal&gt;</name>
      </input_file>
      <input_file id="fl-57">
         <path>../iqmathlib/libraries/CCS/MPY32/5xx_6xx/</path>
         <kind>archive</kind>
         <file>QmathLib_CCS_MPY32_5xx_6xx_CPUX_small_code_small_data.lib</file>
         <name>_QNtoa.o</name>
      </input_file>
      <input_file id="fl-58">
         <path>../iqmathlib/libraries/CCS/MPY32/5xx_6xx/</path>
         <kind>archive</kind>
         <file>QmathLib_CCS_MPY32_5xx_6xx_CPUX_small_code_small_data.lib</file>
         <name>_QNtoF.o</name>
      </input_file>
      <input_file id="fl-73">
         <path>/Applications/ti/ccs1100/ccs/tools/compiler/ti-cgt-msp430_21.6.0.LTS/lib/</path>
         <kind>archive</kind>
         <file>rts430x_sc_sd_eabi.lib</file>
         <name>sprintf.c.obj</name>
      </input_file>
      <input_file id="fl-74">
         <path>/Applications/ti/ccs1100/ccs/tools/compiler/ti-cgt-msp430_21.6.0.LTS/lib/</path>
         <kind>archive</kind>
         <file>rts430x_sc_sd_eabi.lib</file>
         <name>div16s.asm.obj</name>
      </input_file>
      <input_file id="fl-75">
         <path>/Applications/ti/ccs1100/ccs/tools/compiler/ti-cgt-msp430_21.6.0.LTS/lib/</path>
         <kind>archive</kind>
         <file>rts430x_sc_sd_eabi.lib</file>
         <name>div16u.asm.obj</name>
      </input_file>
      <input_file id="fl-76">
         <path>/Applications/ti/ccs1100/ccs/tools/compiler/ti-cgt-msp430_21.6.0.LTS/lib/</path>
         <kind>archive</kind>
         <file>rts430x_sc_sd_eabi.lib</file>
         <name>div32s.asm.obj</name>
      </input_file>
      <input_file id="fl-77">
         <path>/Applications/ti/ccs1100/ccs/tools/compiler/ti-cgt-msp430_21.6.0.LTS/lib/</path>
         <kind>archive</kind>
         <file>rts430x_sc_sd_eabi.lib</file>
         <name>div32u.asm.obj</name>
      </input_file>
      <input_file id="fl-78">
         <path>/Applications/ti/ccs1100/ccs/tools/compiler/ti-cgt-msp430_21.6.0.LTS/lib/</path>
         <kind>archive</kind>
         <file>rts430x_sc_sd_eabi.lib</file>
         <name>fs_add.asm.obj</name>
      </input_file>
      <input_file id="fl-79">
         <path>/Applications/ti/ccs1100/ccs/tools/compiler/ti-cgt-msp430_21.6.0.LTS/lib/</path>
         <kind>archive</kind>
         <file>rts430x_sc_sd_eabi.lib</file>
         <name>fs_cmp.asm.obj</name>
      </input_file>
      <input_file id="fl-7a">
         <path>/Applications/ti/ccs1100/ccs/tools/compiler/ti-cgt-msp430_21.6.0.LTS/lib/</path>
         <kind>archive</kind>
         <file>rts430x_sc_sd_eabi.lib</file>
         <name>fs_div.asm.obj</name>
      </input_file>
      <input_file id="fl-7b">
         <path>/Applications/ti/ccs1100/ccs/tools/compiler/ti-cgt-msp430_21.6.0.LTS/lib/</path>
         <kind>archive</kind>
         <file>rts430x_sc_sd_eabi.lib</file>
         <name>fs_itof.asm.obj</name>
      </input_file>
      <input_file id="fl-7c">
         <path>/Applications/ti/ccs1100/ccs/tools/compiler/ti-cgt-msp430_21.6.0.LTS/lib/</path>
         <kind>archive</kind>
         <file>rts430x_sc_sd_eabi.lib</file>
         <name>fs_mpy.asm.obj</name>
      </input_file>
      <input_file id="fl-7d">
         <path>/Applications/ti/ccs1100/ccs/tools/compiler/ti-cgt-msp430_21.6.0.LTS/lib/</path>
         <kind>archive</kind>
         <file>rts430x_sc_sd_eabi.lib</file>
         <name>fs_neg.asm.obj</name>
      </input_file>
      <input_file id="fl-7e">
         <path>/Applications/ti/ccs1100/ccs/tools/compiler/ti-cgt-msp430_21.6.0.LTS/lib/</path>
         <kind>archive</kind>
         <file>rts430x_sc_sd_eabi.lib</file>
         <name>fs_toi.asm.obj</name>
      </input_file>
      <input_file id="fl-7f">
         <path>/Applications/ti/ccs1100/ccs/tools/compiler/ti-cgt-msp430_21.6.0.LTS/lib/</path>
         <kind>archive</kind>
         <file>rts430x_sc_sd_eabi.lib</file>
         <name>fs_tou.asm.obj</name>
      </input_file>
      <input_file id="fl-80">
         <path>/Applications/ti/ccs1100/ccs/tools/compiler/ti-cgt-msp430_21.6.0.LTS/lib/</path>
         <kind>archive</kind>
         <file>rts430x_sc_sd_eabi.lib</file>
         <name>fs_utof.asm.obj</name>
      </input_file>
      <input_file id="fl-81">
         <path>/Applications/ti/ccs1100/ccs/tools/compiler/ti-cgt-msp430_21.6.0.LTS/lib/</path>
         <kind>archive</kind>
         <file>rts430x_sc_sd_eabi.lib</file>
         <name>int42.asm.obj</name>
      </input_file>
      <input_file id="fl-82">
         <path>/Applications/ti/ccs1100/ccs/tools/compiler/ti-cgt-msp430_21.6.0.LTS/lib/</path>
         <kind>archive</kind>
         <file>rts430x_sc_sd_eabi.lib</file>
         <name>int44.asm.obj</name>
      </input_file>
      <input_file id="fl-83">
         <path>/Applications/ti/ccs1100/ccs/tools/compiler/ti-cgt-msp430_21.6.0.LTS/lib/</path>
         <kind>archive</kind>
         <file>rts430x_sc_sd_eabi.lib</file>
         <name>int45.asm.obj</name>
      </input_file>
      <input_file id="fl-84">
         <path>/Applications/ti/ccs1100/ccs/tools/compiler/ti-cgt-msp430_21.6.0.LTS/lib/</path>
         <kind>archive</kind>
         <file>rts430x_sc_sd_eabi.lib</file>
         <name>int47.asm.obj</name>
      </input_file>
      <input_file id="fl-85">
         <path>/Applications/ti/ccs1100/ccs/tools/compiler/ti-cgt-msp430_21.6.0.LTS/lib/</path>
         <kind>archive</kind>
         <file>rts430x_sc_sd_eabi.lib</file>
         <name>int49.asm.obj</name>
      </input_file>
      <input_file id="fl-86">
         <path>/Applications/ti/ccs1100/ccs/tools/compiler/ti-cgt-msp430_21.6.0.LTS/lib/</path>
         <kind>archive</kind>
         <file>rts430x_sc_sd_eabi.lib</file>
         <name>int50.asm.obj</name>
      </input_file>
      <input_file id="fl-87">
         <path>/Applications/ti/ccs1100/ccs/tools/compiler/ti-cgt-msp430_21.6.0.LTS/lib/</path>
         <kind>archive</kind>
         <file>rts430x_sc_sd_eabi.lib</file>
         <name>int51.asm.obj</name>
      </input_file>
      <input_file id="fl-88">
         <path>/Applications/ti/ccs1100/ccs/tools/compiler/ti-cgt-msp430_21.6.0.LTS/lib/</path>
         <kind>archive</kind>
         <file>rts430x_sc_sd_eabi.lib</file>
         <name>int52.asm.obj</name>
      </input_file>
      <input_file id="fl-89">
         <path>/Applications/ti/ccs1100/ccs/tools/compiler/ti-cgt-msp430_21.6.0.LTS/lib/</path>
         <kind>archive</kind>
         <file>rts430x_sc_sd_eabi.lib</file>
         <name>int53.asm.obj</name>
      </input_file>
      <input_file id="fl-8a">
         <path>/Applications/ti/ccs1100/ccs/tools/compiler/ti-cgt-msp430_21.6.0.LTS/lib/</path>
         <kind>archive</kind>
         <file>rts430x_sc_sd_eabi.lib</file>
         <name>int55.asm.obj</name>
      </input_file>
      <input_file id="fl-8b">
         <path>/Applications/ti/ccs1100/ccs/tools/compiler/ti-cgt-msp430_21.6.0.LTS/lib/</path>
         <kind>archive</kind>
         <file>rts430x_sc_sd_eabi.lib</file>
         <name>int56.asm.obj</name>
      </input_file>
      <input_file id="fl-8c">
         <path>/Applications/ti/ccs1100/ccs/tools/compiler/ti-cgt-msp430_21.6.0.LTS/lib/</path>
         <kind>archive</kind>
         <file>rts430x_sc_sd_eabi.lib</file>
         <name>int57.asm.obj</name>
      </input_file>
      <input_file id="fl-8d">
         <path>/Applications/ti/ccs1100/ccs/tools/compiler/ti-cgt-msp430_21.6.0.LTS/lib/</path>
         <kind>archive</kind>
         <file>rts430x_sc_sd_eabi.lib</file>
         <name>int58.asm.obj</name>
      </input_file>
      <input_file id="fl-8e">
         <path>/Applications/ti/ccs1100/ccs/tools/compiler/ti-cgt-msp430_21.6.0.LTS/lib/</path>
         <kind>archive</kind>
         <file>rts430x_sc_sd_eabi.lib</file>
         <name>isr_trap.asm.obj</name>
      </input_file>
      <input_file id="fl-8f">
         <path>/Applications/ti/ccs1100/ccs/tools/compiler/ti-cgt-msp430_21.6.0.LTS/lib/</path>
         <kind>archive</kind>
         <file>rts430x_sc_sd_eabi.lib</file>
         <name>lsl16.asm.obj</name>
      </input_file>
      <input_file id="fl-90">
         <path>/Applications/ti/ccs1100/ccs/tools/compiler/ti-cgt-msp430_21.6.0.LTS/lib/</path>
         <kind>archive</kind>
         <file>rts430x_sc_sd_eabi.lib</file>
         <name>lsr16.asm.obj</name>
      </input_file>
      <input_file id="fl-91">
         <path>/Applications/ti/ccs1100/ccs/tools/compiler/ti-cgt-msp430_21.6.0.LTS/lib/</path>
         <kind>archive</kind>
         <file>rts430x_sc_sd_eabi.lib</file>
         <name>mult16.asm.obj</name>
      </input_file>
      <input_file id="fl-92">
         <path>/Applications/ti/ccs1100/ccs/tools/compiler/ti-cgt-msp430_21.6.0.LTS/lib/</path>
         <kind>archive</kind>
         <file>rts430x_sc_sd_eabi.lib</file>
         <name>mult16_f5hw.asm.obj</name>
      </input_file>
      <input_file id="fl-93">
         <path>/Applications/ti/ccs1100/ccs/tools/compiler/ti-cgt-msp430_21.6.0.LTS/lib/</path>
         <kind>archive</kind>
         <file>rts430x_sc_sd_eabi.lib</file>
         <name>mult1632_f5hw.asm.obj</name>
      </input_file>
      <input_file id="fl-94">
         <path>/Applications/ti/ccs1100/ccs/tools/compiler/ti-cgt-msp430_21.6.0.LTS/lib/</path>
         <kind>archive</kind>
         <file>rts430x_sc_sd_eabi.lib</file>
         <name>mult32.asm.obj</name>
      </input_file>
      <input_file id="fl-95">
         <path>/Applications/ti/ccs1100/ccs/tools/compiler/ti-cgt-msp430_21.6.0.LTS/lib/</path>
         <kind>archive</kind>
         <file>rts430x_sc_sd_eabi.lib</file>
         <name>mult32_f5hw.asm.obj</name>
      </input_file>
      <input_file id="fl-96">
         <path>/Applications/ti/ccs1100/ccs/tools/compiler/ti-cgt-msp430_21.6.0.LTS/lib/</path>
         <kind>archive</kind>
         <file>rts430x_sc_sd_eabi.lib</file>
         <name>mult3264_f5hw.asm.obj</name>
      </input_file>
      <input_file id="fl-97">
         <path>/Applications/ti/ccs1100/ccs/tools/compiler/ti-cgt-msp430_21.6.0.LTS/lib/</path>
         <kind>archive</kind>
         <file>rts430x_sc_sd_eabi.lib</file>
         <name>mult64_f5hw.asm.obj</name>
      </input_file>
      <input_file id="fl-98">
         <path>/Applications/ti/ccs1100/ccs/tools/compiler/ti-cgt-msp430_21.6.0.LTS/lib/</path>
         <kind>archive</kind>
         <file>rts430x_sc_sd_eabi.lib</file>
         <name>boot.c.obj</name>
      </input_file>
      <input_file id="fl-99">
         <path>/Applications/ti/ccs1100/ccs/tools/compiler/ti-cgt-msp430_21.6.0.LTS/lib/</path>
         <kind>archive</kind>
         <file>rts430x_sc_sd_eabi.lib</file>
         <name>autoinit.c.obj</name>
      </input_file>
      <input_file id="fl-9a">
         <path>/Applications/ti/ccs1100/ccs/tools/compiler/ti-cgt-msp430_21.6.0.LTS/lib/</path>
         <kind>archive</kind>
         <file>rts430x_sc_sd_eabi.lib</file>
         <name>copy_zero_init.c.obj</name>
      </input_file>
      <input_file id="fl-9b">
         <path>/Applications/ti/ccs1100/ccs/tools/compiler/ti-cgt-msp430_21.6.0.LTS/lib/</path>
         <kind>archive</kind>
         <file>rts430x_sc_sd_eabi.lib</file>
         <name>cpy_tbl.c.obj</name>
      </input_file>
      <input_file id="fl-9c">
         <path>/Applications/ti/ccs1100/ccs/tools/compiler/ti-cgt-msp430_21.6.0.LTS/lib/</path>
         <kind>archive</kind>
         <file>rts430x_sc_sd_eabi.lib</file>
         <name>mpu_init.c.obj</name>
      </input_file>
      <input_file id="fl-9d">
         <path>/Applications/ti/ccs1100/ccs/tools/compiler/ti-cgt-msp430_21.6.0.LTS/lib/</path>
         <kind>archive</kind>
         <file>rts430x_sc_sd_eabi.lib</file>
         <name>startup.c.obj</name>
      </input_file>
      <input_file id="fl-9e">
         <path>/Applications/ti/ccs1100/ccs/tools/compiler/ti-cgt-msp430_21.6.0.LTS/lib/</path>
         <kind>archive</kind>
         <file>rts430x_sc_sd_eabi.lib</file>
         <name>copy_decompress_none.c.obj</name>
      </input_file>
      <input_file id="fl-9f">
         <path>/Applications/ti/ccs1100/ccs/tools/compiler/ti-cgt-msp430_21.6.0.LTS/lib/</path>
         <kind>archive</kind>
         <file>rts430x_sc_sd_eabi.lib</file>
         <name>copy_decompress_lzss.c.obj</name>
      </input_file>
      <input_file id="fl-a0">
         <path>/Applications/ti/ccs1100/ccs/tools/compiler/ti-cgt-msp430_21.6.0.LTS/lib/</path>
         <kind>archive</kind>
         <file>rts430x_sc_sd_eabi.lib</file>
         <name>exit.c.obj</name>
      </input_file>
      <input_file id="fl-a1">
         <path>/Applications/ti/ccs1100/ccs/tools/compiler/ti-cgt-msp430_21.6.0.LTS/lib/</path>
         <kind>archive</kind>
         <file>rts430x_sc_sd_eabi.lib</file>
         <name>_lock.c.obj</name>
      </input_file>
      <input_file id="fl-a2">
         <path>/Applications/ti/ccs1100/ccs/tools/compiler/ti-cgt-msp430_21.6.0.LTS/lib/</path>
         <kind>archive</kind>
         <file>rts430x_sc_sd_eabi.lib</file>
         <name>args_main.c.obj</name>
      </input_file>
      <input_file id="fl-a3">
         <path>/Applications/ti/ccs1100/ccs/tools/compiler/ti-cgt-msp430_21.6.0.LTS/lib/</path>
         <kind>archive</kind>
         <file>rts430x_sc_sd_eabi.lib</file>
         <name>memcpy.c.obj</name>
      </input_file>
      <input_file id="fl-a4">
         <path>/Applications/ti/ccs1100/ccs/tools/compiler/ti-cgt-msp430_21.6.0.LTS/lib/</path>
         <kind>archive</kind>
         <file>rts430x_sc_sd_eabi.lib</file>
         <name>memset.c.obj</name>
      </input_file>
      <input_file id="fl-a5">
         <path>/Applications/ti/ccs1100/ccs/tools/compiler/ti-cgt-msp430_21.6.0.LTS/lib/</path>
         <kind>archive</kind>
         <file>rts430x_sc_sd_eabi.lib</file>
         <name>strlen.c.obj</name>
      </input_file>
      <input_file id="fl-a6">
         <path>/Applications/ti/ccs1100/ccs/tools/compiler/ti-cgt-msp430_21.6.0.LTS/lib/</path>
         <kind>archive</kind>
         <file>rts430x_sc_sd_eabi.lib</file>
         <name>strncmp.c.obj</name>
      </input_file>
      <input_file id="fl-a7">
         <path>/Applications/ti/ccs1100/ccs/tools/compiler/ti-cgt-msp430_21.6.0.LTS/lib/</path>
         <kind>archive</kind>
         <file>rts430x_sc_sd_eabi.lib</file>
         <name>strtof.c.obj</name>
      </input_file>
      <input_file id="fl-a8">
         <path>/Applications/ti/ccs1100/ccs/tools/compiler/ti-cgt-msp430_21.6.0.LTS/lib/</path>
         <kind>archive</kind>
         <file>rts430x_sc_sd_eabi.lib</file>
         <name>toupper.c.obj</name>
      </input_file>
      <input_file id="fl-a9">
         <path>/Applications/ti/ccs1100/ccs/tools/compiler/ti-cgt-msp430_21.6.0.LTS/lib/</path>
         <kind>archive</kind>
         <file>rts430x_sc_sd_eabi.lib</file>
         <name>errno.c.obj</name>
      </input_file>
      <input_file id="fl-aa">
         <path>/Applications/ti/ccs1100/ccs/tools/compiler/ti-cgt-msp430_21.6.0.LTS/lib/</path>
         <kind>archive</kind>
         <file>rts430x_sc_sd_eabi.lib</file>
         <name>abs.c.obj</name>
      </input_file>
      <input_file id="fl-ab">
         <path>/Applications/ti/ccs1100/ccs/tools/compiler/ti-cgt-msp430_21.6.0.LTS/lib/</path>
         <kind>archive</kind>
         <file>rts430x_sc_sd_eabi.lib</file>
         <name>labs.c.obj</name>
      </input_file>
      <input_file id="fl-ac">
         <path>/Applications/ti/ccs1100/ccs/tools/compiler/ti-cgt-msp430_21.6.0.LTS/lib/</path>
         <kind>archive</kind>
         <file>rts430x_sc_sd_eabi.lib</file>
         <name>s_scalbnf.c.obj</name>
      </input_file>
      <input_file id="fl-ad">
         <path>/Applications/ti/ccs1100/ccs/tools/compiler/ti-cgt-msp430_21.6.0.LTS/lib/</path>
         <kind>archive</kind>
         <file>rts430x_sc_sd_eabi.lib</file>
         <name>s_copysignf.c.obj</name>
      </input_file>
      <input_file id="fl-ae">
         <path>/Applications/ti/ccs1100/ccs/tools/compiler/ti-cgt-msp430_21.6.0.LTS/lib/</path>
         <kind>archive</kind>
         <file>rts430x_sc_sd_eabi.lib</file>
         <name>_printfi.c.obj</name>
      </input_file>
      <input_file id="fl-af">
         <path>/Applications/ti/ccs1100/ccs/tools/compiler/ti-cgt-msp430_21.6.0.LTS/lib/</path>
         <kind>archive</kind>
         <file>rts430x_sc_sd_eabi.lib</file>
         <name>wcslen.c.obj</name>
      </input_file>
      <input_file id="fl-b0">
         <path>/Applications/ti/ccs1100/ccs/tools/compiler/ti-cgt-msp430_21.6.0.LTS/lib/</path>
         <kind>archive</kind>
         <file>rts430x_sc_sd_eabi.lib</file>
         <name>exit_gvars.c.obj</name>
      </input_file>
      <input_file id="fl-b1">
         <path>/Applications/ti/ccs1100/ccs/tools/compiler/ti-cgt-msp430_21.6.0.LTS/lib/</path>
         <kind>archive</kind>
         <file>rts430x_sc_sd_eabi.lib</file>
         <name>lsr64.c.obj</name>
      </input_file>
      <input_file id="fl-b2">
         <path>/Applications/ti/ccs1100/ccs/tools/compiler/ti-cgt-msp430_21.6.0.LTS/lib/</path>
         <kind>archive</kind>
         <file>rts430x_sc_sd_eabi.lib</file>
         <name>div64u.c.obj</name>
      </input_file>
      <input_file id="fl-b3">
         <path>/Applications/ti/ccs1100/ccs/tools/compiler/ti-cgt-msp430_21.6.0.LTS/lib/</path>
         <kind>archive</kind>
         <file>rts430x_sc_sd_eabi.lib</file>
         <name>cmpd.c.obj</name>
      </input_file>
      <input_file id="fl-b4">
         <path>/Applications/ti/ccs1100/ccs/tools/compiler/ti-cgt-msp430_21.6.0.LTS/lib/</path>
         <kind>archive</kind>
         <file>rts430x_sc_sd_eabi.lib</file>
         <name>divd.c.obj</name>
      </input_file>
      <input_file id="fl-b5">
         <path>/Applications/ti/ccs1100/ccs/tools/compiler/ti-cgt-msp430_21.6.0.LTS/lib/</path>
         <kind>archive</kind>
         <file>rts430x_sc_sd_eabi.lib</file>
         <name>fixdi.c.obj</name>
      </input_file>
      <input_file id="fl-b6">
         <path>/Applications/ti/ccs1100/ccs/tools/compiler/ti-cgt-msp430_21.6.0.LTS/lib/</path>
         <kind>archive</kind>
         <file>rts430x_sc_sd_eabi.lib</file>
         <name>fixdli.c.obj</name>
      </input_file>
      <input_file id="fl-b7">
         <path>/Applications/ti/ccs1100/ccs/tools/compiler/ti-cgt-msp430_21.6.0.LTS/lib/</path>
         <kind>archive</kind>
         <file>rts430x_sc_sd_eabi.lib</file>
         <name>fltid.c.obj</name>
      </input_file>
      <input_file id="fl-b8">
         <path>/Applications/ti/ccs1100/ccs/tools/compiler/ti-cgt-msp430_21.6.0.LTS/lib/</path>
         <kind>archive</kind>
         <file>rts430x_sc_sd_eabi.lib</file>
         <name>fltlid.c.obj</name>
      </input_file>
      <input_file id="fl-b9">
         <path>/Applications/ti/ccs1100/ccs/tools/compiler/ti-cgt-msp430_21.6.0.LTS/lib/</path>
         <kind>archive</kind>
         <file>rts430x_sc_sd_eabi.lib</file>
         <name>frcdivd.c.obj</name>
      </input_file>
      <input_file id="fl-ba">
         <path>/Applications/ti/ccs1100/ccs/tools/compiler/ti-cgt-msp430_21.6.0.LTS/lib/</path>
         <kind>archive</kind>
         <file>rts430x_sc_sd_eabi.lib</file>
         <name>mpyd.c.obj</name>
      </input_file>
      <input_file id="fl-bb">
         <path>/Applications/ti/ccs1100/ccs/tools/compiler/ti-cgt-msp430_21.6.0.LTS/lib/</path>
         <kind>archive</kind>
         <file>rts430x_sc_sd_eabi.lib</file>
         <name>negd.c.obj</name>
      </input_file>
      <input_file id="fl-bc">
         <path>/Applications/ti/ccs1100/ccs/tools/compiler/ti-cgt-msp430_21.6.0.LTS/lib/</path>
         <kind>archive</kind>
         <file>rts430x_sc_sd_eabi.lib</file>
         <name>subd.c.obj</name>
      </input_file>
      <input_file id="fl-bd">
         <path>/Applications/ti/ccs1100/ccs/tools/compiler/ti-cgt-msp430_21.6.0.LTS/lib/</path>
         <kind>archive</kind>
         <file>rts430x_sc_sd_eabi.lib</file>
         <name>_ltoa.c.obj</name>
      </input_file>
      <input_file id="fl-be">
         <path>/Applications/ti/ccs1100/ccs/tools/compiler/ti-cgt-msp430_21.6.0.LTS/lib/</path>
         <kind>archive</kind>
         <file>rts430x_sc_sd_eabi.lib</file>
         <name>atoi.c.obj</name>
      </input_file>
      <input_file id="fl-bf">
         <path>/Applications/ti/ccs1100/ccs/tools/compiler/ti-cgt-msp430_21.6.0.LTS/lib/</path>
         <kind>archive</kind>
         <file>rts430x_sc_sd_eabi.lib</file>
         <name>ctype.c.obj</name>
      </input_file>
      <input_file id="fl-c0">
         <path>/Applications/ti/ccs1100/ccs/tools/compiler/ti-cgt-msp430_21.6.0.LTS/lib/</path>
         <kind>archive</kind>
         <file>rts430x_sc_sd_eabi.lib</file>
         <name>memccpy.c.obj</name>
      </input_file>
      <input_file id="fl-c1">
         <path>/Applications/ti/ccs1100/ccs/tools/compiler/ti-cgt-msp430_21.6.0.LTS/lib/</path>
         <kind>archive</kind>
         <file>rts430x_sc_sd_eabi.lib</file>
         <name>strchr.c.obj</name>
      </input_file>
      <input_file id="fl-c2">
         <path>/Applications/ti/ccs1100/ccs/tools/compiler/ti-cgt-msp430_21.6.0.LTS/lib/</path>
         <kind>archive</kind>
         <file>rts430x_sc_sd_eabi.lib</file>
         <name>s_frexp.c.obj</name>
      </input_file>
      <input_file id="fl-c3">
         <path>/Applications/ti/ccs1100/ccs/tools/compiler/ti-cgt-msp430_21.6.0.LTS/lib/</path>
         <kind>archive</kind>
         <file>rts430x_sc_sd_eabi.lib</file>
         <name>s_scalbn.c.obj</name>
      </input_file>
      <input_file id="fl-c4">
         <path>/Applications/ti/ccs1100/ccs/tools/compiler/ti-cgt-msp430_21.6.0.LTS/lib/</path>
         <kind>archive</kind>
         <file>rts430x_sc_sd_eabi.lib</file>
         <name>s_copysign.c.obj</name>
      </input_file>
      <input_file id="fl-c5">
         <path>/Applications/ti/ccs1100/ccs/tools/compiler/ti-cgt-msp430_21.6.0.LTS/lib/</path>
         <kind>archive</kind>
         <file>rts430x_sc_sd_eabi.lib</file>
         <name>asr32.asm.obj</name>
      </input_file>
      <input_file id="fl-c6">
         <path>/Applications/ti/ccs1100/ccs/tools/compiler/ti-cgt-msp430_21.6.0.LTS/lib/</path>
         <kind>archive</kind>
         <file>rts430x_sc_sd_eabi.lib</file>
         <name>lsl32.asm.obj</name>
      </input_file>
      <input_file id="fl-c7">
         <path>/Applications/ti/ccs1100/ccs/tools/compiler/ti-cgt-msp430_21.6.0.LTS/lib/</path>
         <kind>archive</kind>
         <file>rts430x_sc_sd_eabi.lib</file>
         <name>lsr32.asm.obj</name>
      </input_file>
      <input_file id="fl-c8">
         <path>/Applications/ti/ccs1100/ccs/tools/compiler/ti-cgt-msp430_21.6.0.LTS/lib/</path>
         <kind>archive</kind>
         <file>rts430x_sc_sd_eabi.lib</file>
         <name>lsl64.c.obj</name>
      </input_file>
      <input_file id="fl-c9">
         <path>/Applications/ti/ccs1100/ccs/tools/compiler/ti-cgt-msp430_21.6.0.LTS/lib/</path>
         <kind>archive</kind>
         <file>rts430x_sc_sd_eabi.lib</file>
         <name>addd.c.obj</name>
      </input_file>
      <input_file id="fl-ca">
         <path>/Applications/ti/ccs1100/ccs/tools/compiler/ti-cgt-msp430_21.6.0.LTS/lib/</path>
         <kind>archive</kind>
         <file>rts430x_sc_sd_eabi.lib</file>
         <name>frcmpyd.c.obj</name>
      </input_file>
      <input_file id="fl-cb">
         <path>/Applications/ti/ccs1100/ccs/tools/compiler/ti-cgt-msp430_21.6.0.LTS/lib/</path>
         <kind>archive</kind>
         <file>rts430x_sc_sd_eabi.lib</file>
         <name>mult3264.asm.obj</name>
      </input_file>
      <input_file id="fl-cc">
         <path>/Applications/ti/ccs1100/ccs/tools/compiler/ti-cgt-msp430_21.6.0.LTS/lib/</path>
         <kind>archive</kind>
         <file>rts430x_sc_sd_eabi.lib</file>
         <name>mult64.asm.obj</name>
      </input_file>
      <input_file id="fl-cd">
         <path>/Applications/ti/ccs1100/ccs/tools/compiler/ti-cgt-msp430_21.6.0.LTS/lib/</path>
         <kind>archive</kind>
         <file>rts430x_sc_sd_eabi.lib</file>
         <name>asr64.c.obj</name>
      </input_file>
      <input_file id="fl-ce">
         <path>/Applications/ti/ccs1100/ccs/tools/compiler/ti-cgt-msp430_21.6.0.LTS/lib/</path>
         <kind>archive</kind>
         <file>rts430x_sc_sd_eabi.lib</file>
         <name>mult1632.asm.obj</name>
      </input_file>
   </input_file_list>
   <object_component_list>
      <object_component id="oc-40e">
         <name>.TI.persistent</name>
         <load_address>0x0</load_address>
         <run_address>0x0</run_address>
         <size>0x1008</size>
         <input_file_ref idref="fl-24"/>
      </object_component>
      <object_component id="oc-3ac">
         <name>.TI.persistent:nvsStorage</name>
         <load_address>0x1008</load_address>
         <run_address>0x1008</run_address>
         <size>0x19a</size>
         <input_file_ref idref="fl-8"/>
      </object_component>
      <object_component id="oc-73f">
         <name>.TI.persistent:ctpl_CS_storage</name>
         <load_address>0x11a2</load_address>
         <run_address>0x11a2</run_address>
         <size>0x14</size>
         <input_file_ref idref="fl-6"/>
      </object_component>
      <object_component id="oc-789">
         <name>.TI.persistent:ctpl_MPY32_storage</name>
         <load_address>0x11b6</load_address>
         <run_address>0x11b6</run_address>
         <size>0x12</size>
         <input_file_ref idref="fl-6"/>
      </object_component>
      <object_component id="oc-6f5">
         <name>.TI.persistent:ctpl_PORTA_storage</name>
         <load_address>0x11c8</load_address>
         <run_address>0x11c8</run_address>
         <size>0xe</size>
         <input_file_ref idref="fl-6"/>
      </object_component>
      <object_component id="oc-70c">
         <name>.TI.persistent:ctpl_PORTB_storage</name>
         <load_address>0x11d6</load_address>
         <run_address>0x11d6</run_address>
         <size>0xa</size>
         <input_file_ref idref="fl-6"/>
      </object_component>
      <object_component id="oc-750">
         <name>.TI.persistent:ctpl_SYS_storage</name>
         <load_address>0x11e0</load_address>
         <run_address>0x11e0</run_address>
         <size>0xa</size>
         <input_file_ref idref="fl-6"/>
      </object_component>
      <object_component id="oc-71d">
         <name>.TI.persistent:ctpl_FRAM_storage</name>
         <load_address>0x11ea</load_address>
         <run_address>0x11ea</run_address>
         <size>0x4</size>
         <input_file_ref idref="fl-6"/>
      </object_component>
      <object_component id="oc-72e">
         <name>.TI.persistent:ctpl_PMM_storage</name>
         <load_address>0x11ee</load_address>
         <run_address>0x11ee</run_address>
         <size>0x4</size>
         <input_file_ref idref="fl-6"/>
      </object_component>
      <object_component id="oc-778">
         <name>.TI.persistent:ctpl_RTC_storage</name>
         <load_address>0x11f2</load_address>
         <run_address>0x11f2</run_address>
         <size>0x4</size>
         <input_file_ref idref="fl-6"/>
      </object_component>
      <object_component id="oc-761">
         <name>.TI.persistent:ctpl_SFR_storage</name>
         <load_address>0x11f6</load_address>
         <run_address>0x11f6</run_address>
         <size>0x4</size>
         <input_file_ref idref="fl-6"/>
      </object_component>
      <object_component id="oc-79a">
         <name>.TI.persistent:ctpl_WDT_A_storage</name>
         <load_address>0x11fa</load_address>
         <run_address>0x11fa</run_address>
         <size>0x2</size>
         <input_file_ref idref="fl-6"/>
      </object_component>
      <object_component id="oc-862">
         <name>__TI_handler_table</name>
         <load_address>0x240c</load_address>
         <run_address>0x240c</run_address>
         <size>0x6</size>
      </object_component>
      <object_component id="oc-863">
         <name>__TI_cinit_table</name>
         <load_address>0x2416</load_address>
         <run_address>0x2416</run_address>
         <size>0xc</size>
      </object_component>
      <object_component id="oc-864">
         <name>.cinit..TI.persistent.load</name>
         <load_address>0x11fc</load_address>
         <run_address>0x11fc</run_address>
         <size>0x1200</size>
      </object_component>
      <object_component id="oc-865">
         <name>.cinit..bss.load</name>
         <load_address>0x2412</load_address>
         <run_address>0x2412</run_address>
         <size>0x4</size>
      </object_component>
      <object_component id="oc-866">
         <name>.cinit..data.load</name>
         <load_address>0x23fc</load_address>
         <run_address>0x23fc</run_address>
         <size>0xf</size>
      </object_component>
      <object_component id="oc-7fa">
         <name>.binit</name>
         <load_address>0x2422</load_address>
         <run_address>0x2422</run_address>
         <size>0x0</size>
      </object_component>
      <object_component id="oc-4fd">
         <name>.const:.string</name>
         <load_address>0x25f4</load_address>
         <run_address>0x25f4</run_address>
         <size>0xe</size>
         <input_file_ref idref="fl-2"/>
      </object_component>
      <object_component id="oc-5b5">
         <name>.const:.string:cmdTemplate</name>
         <load_address>0x2674</load_address>
         <run_address>0x2674</run_address>
         <size>0x7</size>
         <input_file_ref idref="fl-3"/>
      </object_component>
      <object_component id="oc-5c9">
         <name>.const:.string</name>
         <load_address>0x2564</load_address>
         <run_address>0x2564</run_address>
         <size>0x1e</size>
         <input_file_ref idref="fl-3"/>
      </object_component>
      <object_component id="oc-599">
         <name>.const:$P$T1$2</name>
         <load_address>0x25e6</load_address>
         <run_address>0x25e6</run_address>
         <size>0xe</size>
         <input_file_ref idref="fl-4"/>
      </object_component>
      <object_component id="oc-4c1">
         <name>.const:.string</name>
         <load_address>0x2582</load_address>
         <run_address>0x2582</run_address>
         <size>0x1c</size>
         <input_file_ref idref="fl-4"/>
      </object_component>
      <object_component id="oc-6be">
         <name>.const:ctpl_PORTA</name>
         <load_address>0x2638</load_address>
         <run_address>0x2638</run_address>
         <size>0xa</size>
         <input_file_ref idref="fl-6"/>
      </object_component>
      <object_component id="oc-6c1">
         <name>.const:ctpl_PORTB</name>
         <load_address>0x2642</load_address>
         <run_address>0x2642</run_address>
         <size>0xa</size>
         <input_file_ref idref="fl-6"/>
      </object_component>
      <object_component id="oc-6c4">
         <name>.const:ctpl_FRAM</name>
         <load_address>0x261a</load_address>
         <run_address>0x261a</run_address>
         <size>0xa</size>
         <input_file_ref idref="fl-6"/>
      </object_component>
      <object_component id="oc-6c7">
         <name>.const:ctpl_PMM</name>
         <load_address>0x262e</load_address>
         <run_address>0x262e</run_address>
         <size>0xa</size>
         <input_file_ref idref="fl-6"/>
      </object_component>
      <object_component id="oc-6ca">
         <name>.const:ctpl_CS</name>
         <load_address>0x2610</load_address>
         <run_address>0x2610</run_address>
         <size>0xa</size>
         <input_file_ref idref="fl-6"/>
      </object_component>
      <object_component id="oc-6cd">
         <name>.const:ctpl_SYS</name>
         <load_address>0x2660</load_address>
         <run_address>0x2660</run_address>
         <size>0xa</size>
         <input_file_ref idref="fl-6"/>
      </object_component>
      <object_component id="oc-6d0">
         <name>.const:ctpl_SFR</name>
         <load_address>0x2656</load_address>
         <run_address>0x2656</run_address>
         <size>0xa</size>
         <input_file_ref idref="fl-6"/>
      </object_component>
      <object_component id="oc-6d3">
         <name>.const:ctpl_RTC</name>
         <load_address>0x264c</load_address>
         <run_address>0x264c</run_address>
         <size>0xa</size>
         <input_file_ref idref="fl-6"/>
      </object_component>
      <object_component id="oc-6d6">
         <name>.const:ctpl_MPY32</name>
         <load_address>0x2624</load_address>
         <run_address>0x2624</run_address>
         <size>0xa</size>
         <input_file_ref idref="fl-6"/>
      </object_component>
      <object_component id="oc-6d9">
         <name>.const:ctpl_WDT_A</name>
         <load_address>0x266a</load_address>
         <run_address>0x266a</run_address>
         <size>0xa</size>
         <input_file_ref idref="fl-6"/>
      </object_component>
      <object_component id="oc-665">
         <name>.const:ctpl_peripherals</name>
         <load_address>0x25d2</load_address>
         <run_address>0x25d2</run_address>
         <size>0x14</size>
         <input_file_ref idref="fl-6"/>
      </object_component>
      <object_component id="oc-662">
         <name>.const</name>
         <load_address>0x2680</load_address>
         <run_address>0x2680</run_address>
         <size>0x2</size>
         <input_file_ref idref="fl-6"/>
      </object_component>
      <object_component id="oc-39d">
         <name>.const:GUI_RXCommands</name>
         <load_address>0x267c</load_address>
         <run_address>0x267c</run_address>
         <size>0x4</size>
         <input_file_ref idref="fl-8"/>
      </object_component>
      <object_component id="oc-42e">
         <name>.const:.string</name>
         <load_address>0x2602</load_address>
         <run_address>0x2602</run_address>
         <size>0xe</size>
         <input_file_ref idref="fl-8"/>
      </object_component>
      <object_component id="oc-37d">
         <name>.const:GPIO_PORT_TO_BASE</name>
         <load_address>0x259e</load_address>
         <run_address>0x259e</run_address>
         <size>0x1c</size>
         <input_file_ref idref="fl-16"/>
      </object_component>
      <object_component id="oc-635">
         <name>.const:powerof10</name>
         <load_address>0x25ba</load_address>
         <run_address>0x25ba</run_address>
         <size>0x18</size>
         <input_file_ref idref="fl-a7"/>
      </object_component>
      <object_component id="oc-632">
         <name>.const:digits</name>
         <load_address>0x2524</load_address>
         <run_address>0x2524</run_address>
         <size>0x40</size>
         <input_file_ref idref="fl-a7"/>
      </object_component>
      <object_component id="oc-629">
         <name>.const:.string:_ctypes_</name>
         <load_address>0x2422</load_address>
         <run_address>0x2422</run_address>
         <size>0x101</size>
         <input_file_ref idref="fl-bf"/>
      </object_component>
      <object_component id="oc-3bc">
         <name>.text:framLog</name>
         <load_address>0x342e</load_address>
         <run_address>0x342e</run_address>
         <size>0x12e</size>
         <input_file_ref idref="fl-2"/>
      </object_component>
      <object_component id="oc-4c8">
         <name>.text:GUIComm_sendQ8DataAsFloat</name>
         <load_address>0x454e</load_address>
         <run_address>0x454e</run_address>
         <size>0x2c</size>
         <input_file_ref idref="fl-3"/>
      </object_component>
      <object_component id="oc-4c2">
         <name>.text:GUIComm_sendArrayStart</name>
         <load_address>0x42cc</load_address>
         <run_address>0x42cc</run_address>
         <size>0x3e</size>
         <input_file_ref idref="fl-3"/>
      </object_component>
      <object_component id="oc-4ce">
         <name>.text:GUIComm_sendArrayNewCmd</name>
         <load_address>0x41b2</load_address>
         <run_address>0x41b2</run_address>
         <size>0x4a</size>
         <input_file_ref idref="fl-3"/>
      </object_component>
      <object_component id="oc-4d4">
         <name>.text:GUIComm_sendArrayEnd</name>
         <load_address>0x466a</load_address>
         <run_address>0x466a</run_address>
         <size>0x24</size>
         <input_file_ref idref="fl-3"/>
      </object_component>
      <object_component id="oc-497">
         <name>.text:initTimerPWM</name>
         <load_address>0x3d76</load_address>
         <run_address>0x3d76</run_address>
         <size>0x88</size>
         <input_file_ref idref="fl-4"/>
      </object_component>
      <object_component id="oc-3b6">
         <name>.text:liveTemp</name>
         <load_address>0x31a8</load_address>
         <run_address>0x31a8</run_address>
         <size>0x154</size>
         <input_file_ref idref="fl-4"/>
      </object_component>
      <object_component id="oc-298">
         <name>.text:TIMERA1_ISR</name>
         <load_address>0x43ec</load_address>
         <run_address>0x43ec</run_address>
         <size>0x36</size>
         <input_file_ref idref="fl-4"/>
      </object_component>
      <object_component id="oc-42f">
         <name>.text:GUICallback_threshold</name>
         <load_address>0x47c8</load_address>
         <run_address>0x47c8</run_address>
         <size>0x1a</size>
         <input_file_ref idref="fl-5"/>
      </object_component>
      <object_component id="oc-31d">
         <name>.text:_system_pre_init</name>
         <load_address>0x4a72</load_address>
         <run_address>0x4a72</run_address>
         <size>0x8</size>
         <input_file_ref idref="fl-7"/>
      </object_component>
      <object_component id="oc-3a6">
         <name>.text:initAdc</name>
         <load_address>0x405e</load_address>
         <run_address>0x405e</run_address>
         <size>0x5a</size>
         <input_file_ref idref="fl-8"/>
      </object_component>
      <object_component id="oc-323">
         <name>.text:main</name>
         <load_address>0x3c38</load_address>
         <run_address>0x3c38</run_address>
         <size>0xa2</size>
         <input_file_ref idref="fl-8"/>
      </object_component>
      <object_component id="oc-292">
         <name>.text:RTC_ISR</name>
         <load_address>0x4974</load_address>
         <run_address>0x4974</run_address>
         <size>0x10</size>
         <input_file_ref idref="fl-8"/>
      </object_component>
      <object_component id="oc-27b">
         <name>.text:Port2_ISR</name>
         <load_address>0x3998</load_address>
         <run_address>0x3998</run_address>
         <size>0xae</size>
         <input_file_ref idref="fl-8"/>
      </object_component>
      <object_component id="oc-286">
         <name>.text:ADC_ISR</name>
         <load_address>0x4522</load_address>
         <run_address>0x4522</run_address>
         <size>0x2c</size>
         <input_file_ref idref="fl-8"/>
      </object_component>
      <object_component id="oc-5be">
         <name>.text:GUI_TransmitStringBlocking</name>
         <load_address>0x45f8</load_address>
         <run_address>0x45f8</run_address>
         <size>0x26</size>
         <input_file_ref idref="fl-9"/>
      </object_component>
      <object_component id="oc-55c">
         <name>.text:GUI_ParseString</name>
         <load_address>0x3742</load_address>
         <run_address>0x3742</run_address>
         <size>0xd8</size>
         <input_file_ref idref="fl-9"/>
      </object_component>
      <object_component id="oc-41e">
         <name>.text:GUI_RxCharHALCallback</name>
         <load_address>0x3fa6</load_address>
         <run_address>0x3fa6</run_address>
         <size>0x5c</size>
         <input_file_ref idref="fl-9"/>
      </object_component>
      <object_component id="oc-3a0">
         <name>.text:GUI_InitRxCmd</name>
         <load_address>0x4a06</load_address>
         <run_address>0x4a06</run_address>
         <size>0xa</size>
         <input_file_ref idref="fl-9"/>
      </object_component>
      <object_component id="oc-397">
         <name>.text:GUI_Init</name>
         <load_address>0x48d6</load_address>
         <run_address>0x48d6</run_address>
         <size>0x12</size>
         <input_file_ref idref="fl-9"/>
      </object_component>
      <object_component id="oc-28c">
         <name>.text:USCI_A0_ISR</name>
         <load_address>0x4644</load_address>
         <run_address>0x4644</run_address>
         <size>0x26</size>
         <input_file_ref idref="fl-a"/>
      </object_component>
      <object_component id="oc-5b8">
         <name>.text:HAL_GUI_TransmitCharBlocking</name>
         <load_address>0x47e2</load_address>
         <run_address>0x47e2</run_address>
         <size>0x1a</size>
         <input_file_ref idref="fl-a"/>
      </object_component>
      <object_component id="oc-424">
         <name>.text:HAL_GUI_Init</name>
         <load_address>0x461e</load_address>
         <run_address>0x461e</run_address>
         <size>0x26</size>
         <input_file_ref idref="fl-a"/>
      </object_component>
      <object_component id="oc-391">
         <name>.text:HAL_IO_InitButtons</name>
         <load_address>0x48e8</load_address>
         <run_address>0x48e8</run_address>
         <size>0x12</size>
         <input_file_ref idref="fl-b"/>
      </object_component>
      <object_component id="oc-410">
         <name>.text:HAL_IO_Init</name>
         <load_address>0x43b6</load_address>
         <run_address>0x43b6</run_address>
         <size>0x36</size>
         <input_file_ref idref="fl-b"/>
      </object_component>
      <object_component id="oc-416">
         <name>.text:Clock_Software_Trim</name>
         <load_address>0x38de</load_address>
         <run_address>0x38de</run_address>
         <size>0xba</size>
         <input_file_ref idref="fl-c"/>
      </object_component>
      <object_component id="oc-38b">
         <name>.text:HAL_System_Init</name>
         <load_address>0x44f2</load_address>
         <run_address>0x44f2</run_address>
         <size>0x30</size>
         <input_file_ref idref="fl-c"/>
      </object_component>
      <object_component id="oc-49d">
         <name>.text:ADC_startConversion</name>
         <load_address>0x4790</load_address>
         <run_address>0x4790</run_address>
         <size>0x1c</size>
         <input_file_ref idref="fl-d"/>
      </object_component>
      <object_component id="oc-445">
         <name>.text:ADC_setupSamplingTimer</name>
         <load_address>0x4886</load_address>
         <run_address>0x4886</run_address>
         <size>0x14</size>
         <input_file_ref idref="fl-d"/>
      </object_component>
      <object_component id="oc-439">
         <name>.text:ADC_init</name>
         <load_address>0x448e</load_address>
         <run_address>0x448e</run_address>
         <size>0x34</size>
         <input_file_ref idref="fl-d"/>
      </object_component>
      <object_component id="oc-2fa">
         <name>.text:ADC_getResults</name>
         <load_address>0x4a82</load_address>
         <run_address>0x4a82</run_address>
         <size>0x6</size>
         <input_file_ref idref="fl-d"/>
      </object_component>
      <object_component id="oc-457">
         <name>.text:ADC_enableInterrupt</name>
         <load_address>0x4a52</load_address>
         <run_address>0x4a52</run_address>
         <size>0x8</size>
         <input_file_ref idref="fl-d"/>
      </object_component>
      <object_component id="oc-43f">
         <name>.text:ADC_enable</name>
         <load_address>0x4a4a</load_address>
         <run_address>0x4a4a</run_address>
         <size>0x8</size>
         <input_file_ref idref="fl-d"/>
      </object_component>
      <object_component id="oc-44b">
         <name>.text:ADC_configureMemory</name>
         <load_address>0x44c2</load_address>
         <run_address>0x44c2</run_address>
         <size>0x30</size>
         <input_file_ref idref="fl-d"/>
      </object_component>
      <object_component id="oc-451">
         <name>.text:ADC_clearInterrupt</name>
         <load_address>0x4a42</load_address>
         <run_address>0x4a42</run_address>
         <size>0x8</size>
         <input_file_ref idref="fl-d"/>
      </object_component>
      <object_component id="oc-30e">
         <name>.text:GPIO_setOutputLowOnPin</name>
         <load_address>0x485a</load_address>
         <run_address>0x485a</run_address>
         <size>0x16</size>
         <input_file_ref idref="fl-16"/>
      </object_component>
      <object_component id="oc-308">
         <name>.text:GPIO_setOutputHighOnPin</name>
         <load_address>0x4844</load_address>
         <run_address>0x4844</run_address>
         <size>0x16</size>
         <input_file_ref idref="fl-16"/>
      </object_component>
      <object_component id="oc-45d">
         <name>.text:PMM_getVariableReferenceVoltageStatus</name>
         <load_address>0x4a10</load_address>
         <run_address>0x4a10</run_address>
         <size>0xa</size>
         <input_file_ref idref="fl-19"/>
      </object_component>
      <object_component id="oc-463">
         <name>.text:PMM_enableTempSensor</name>
         <load_address>0x4964</load_address>
         <run_address>0x4964</run_address>
         <size>0x10</size>
         <input_file_ref idref="fl-19"/>
      </object_component>
      <object_component id="oc-469">
         <name>.text:PMM_enableInternalReference</name>
         <load_address>0x4954</load_address>
         <run_address>0x4954</run_address>
         <size>0x10</size>
         <input_file_ref idref="fl-19"/>
      </object_component>
      <object_component id="oc-491">
         <name>.text:RTC_stop</name>
         <load_address>0x4a5a</load_address>
         <run_address>0x4a5a</run_address>
         <size>0x8</size>
         <input_file_ref idref="fl-1a"/>
      </object_component>
      <object_component id="oc-4f1">
         <name>.text:RTC_start</name>
         <load_address>0x48fa</load_address>
         <run_address>0x48fa</run_address>
         <size>0x12</size>
         <input_file_ref idref="fl-1a"/>
      </object_component>
      <object_component id="oc-5a2">
         <name>.text:Timer_A_startCounter</name>
         <load_address>0x49be</load_address>
         <run_address>0x49be</run_address>
         <size>0xc</size>
         <input_file_ref idref="fl-1f"/>
      </object_component>
      <object_component id="oc-4e0">
         <name>.text:Timer_A_setCompareValue</name>
         <load_address>0x4a62</load_address>
         <run_address>0x4a62</run_address>
         <size>0x8</size>
         <input_file_ref idref="fl-1f"/>
      </object_component>
      <object_component id="oc-593">
         <name>.text:Timer_A_outputPWM</name>
         <load_address>0x40b8</load_address>
         <run_address>0x40b8</run_address>
         <size>0x56</size>
         <input_file_ref idref="fl-1f"/>
      </object_component>
      <object_component id="oc-59c">
         <name>.text:Timer_A_initUpMode</name>
         <load_address>0x3f44</load_address>
         <run_address>0x3f44</run_address>
         <size>0x62</size>
         <input_file_ref idref="fl-1f"/>
      </object_component>
      <object_component id="oc-5d8">
         <name>.text:ctpl_saveEnterLpmRestore</name>
         <load_address>0x3a46</load_address>
         <run_address>0x3a46</run_address>
         <size>0xac</size>
         <input_file_ref idref="fl-23"/>
      </object_component>
      <object_component id="oc-510">
         <name>.text:ctpl_enterLpm35</name>
         <load_address>0x4a24</load_address>
         <run_address>0x4a24</run_address>
         <size>0xa</size>
         <input_file_ref idref="fl-23"/>
      </object_component>
      <object_component id="oc-385">
         <name>.text:ctpl_low_level</name>
         <load_address>0x300a</load_address>
         <run_address>0x300a</run_address>
         <size>0x19e</size>
         <input_file_ref idref="fl-24"/>
      </object_component>
      <object_component id="oc-742">
         <name>.text:ctpl_CS_save</name>
         <load_address>0x430a</load_address>
         <run_address>0x430a</run_address>
         <size>0x3a</size>
         <input_file_ref idref="fl-2e"/>
      </object_component>
      <object_component id="oc-748">
         <name>.text:ctpl_CS_restore</name>
         <load_address>0x4160</load_address>
         <run_address>0x4160</run_address>
         <size>0x52</size>
         <input_file_ref idref="fl-2e"/>
      </object_component>
      <object_component id="oc-720">
         <name>.text:ctpl_FRAM_save</name>
         <load_address>0x49ca</load_address>
         <run_address>0x49ca</run_address>
         <size>0xc</size>
         <input_file_ref idref="fl-34"/>
      </object_component>
      <object_component id="oc-726">
         <name>.text:ctpl_FRAM_restore</name>
         <load_address>0x47fc</load_address>
         <run_address>0x47fc</run_address>
         <size>0x18</size>
         <input_file_ref idref="fl-34"/>
      </object_component>
      <object_component id="oc-78c">
         <name>.text:ctpl_MPY32_save</name>
         <load_address>0x437e</load_address>
         <run_address>0x437e</run_address>
         <size>0x38</size>
         <input_file_ref idref="fl-38"/>
      </object_component>
      <object_component id="oc-792">
         <name>.text:ctpl_MPY32_restore</name>
         <load_address>0x4422</load_address>
         <run_address>0x4422</run_address>
         <size>0x36</size>
         <input_file_ref idref="fl-38"/>
      </object_component>
      <object_component id="oc-731">
         <name>.text:ctpl_PMM_save</name>
         <load_address>0x49d6</load_address>
         <run_address>0x49d6</run_address>
         <size>0xc</size>
         <input_file_ref idref="fl-39"/>
      </object_component>
      <object_component id="oc-737">
         <name>.text:ctpl_PMM_restore</name>
         <load_address>0x4814</load_address>
         <run_address>0x4814</run_address>
         <size>0x18</size>
         <input_file_ref idref="fl-39"/>
      </object_component>
      <object_component id="oc-70f">
         <name>.text:ctpl_PORT_save</name>
         <load_address>0x46d6</load_address>
         <run_address>0x46d6</run_address>
         <size>0x20</size>
         <input_file_ref idref="fl-3a"/>
      </object_component>
      <object_component id="oc-715">
         <name>.text:ctpl_PORT_restore</name>
         <load_address>0x4736</load_address>
         <run_address>0x4736</run_address>
         <size>0x1e</size>
         <input_file_ref idref="fl-3a"/>
      </object_component>
      <object_component id="oc-6f8">
         <name>.text:ctpl_PORT_INT_save</name>
         <load_address>0x4344</load_address>
         <run_address>0x4344</run_address>
         <size>0x3a</size>
         <input_file_ref idref="fl-3b"/>
      </object_component>
      <object_component id="oc-6fe">
         <name>.text:ctpl_PORT_INT_restore</name>
         <load_address>0x457a</load_address>
         <run_address>0x457a</run_address>
         <size>0x2a</size>
         <input_file_ref idref="fl-3b"/>
      </object_component>
      <object_component id="oc-704">
         <name>.text:ctpl_PORT_INT_epilogue</name>
         <load_address>0x49e2</load_address>
         <run_address>0x49e2</run_address>
         <size>0xc</size>
         <input_file_ref idref="fl-3b"/>
      </object_component>
      <object_component id="oc-77b">
         <name>.text:ctpl_RTC_save</name>
         <load_address>0x4870</load_address>
         <run_address>0x4870</run_address>
         <size>0x16</size>
         <input_file_ref idref="fl-3e"/>
      </object_component>
      <object_component id="oc-781">
         <name>.text:ctpl_RTC_restore</name>
         <load_address>0x491e</load_address>
         <run_address>0x491e</run_address>
         <size>0x12</size>
         <input_file_ref idref="fl-3e"/>
      </object_component>
      <object_component id="oc-764">
         <name>.text:ctpl_SFR_save</name>
         <load_address>0x4984</load_address>
         <run_address>0x4984</run_address>
         <size>0x10</size>
         <input_file_ref idref="fl-42"/>
      </object_component>
      <object_component id="oc-76a">
         <name>.text:ctpl_SFR_restore</name>
         <load_address>0x4a7a</load_address>
         <run_address>0x4a7a</run_address>
         <size>0x8</size>
         <input_file_ref idref="fl-42"/>
      </object_component>
      <object_component id="oc-770">
         <name>.text:ctpl_SFR_epilogue</name>
         <load_address>0x4a8e</load_address>
         <run_address>0x4a8e</run_address>
         <size>0x6</size>
         <input_file_ref idref="fl-42"/>
      </object_component>
      <object_component id="oc-753">
         <name>.text:ctpl_SYS_save</name>
         <load_address>0x4754</load_address>
         <run_address>0x4754</run_address>
         <size>0x1e</size>
         <input_file_ref idref="fl-43"/>
      </object_component>
      <object_component id="oc-759">
         <name>.text:ctpl_SYS_restore</name>
         <load_address>0x45a4</load_address>
         <run_address>0x45a4</run_address>
         <size>0x2a</size>
         <input_file_ref idref="fl-43"/>
      </object_component>
      <object_component id="oc-79d">
         <name>.text:ctpl_WDT_A_save</name>
         <load_address>0x49ee</load_address>
         <run_address>0x49ee</run_address>
         <size>0xc</size>
         <input_file_ref idref="fl-49"/>
      </object_component>
      <object_component id="oc-7a3">
         <name>.text:ctpl_WDT_A_restore</name>
         <load_address>0x4a96</load_address>
         <run_address>0x4a96</run_address>
         <size>0x2</size>
         <input_file_ref idref="fl-49"/>
      </object_component>
      <object_component id="oc-7a9">
         <name>.text:ctpl_WDT_A_epilogue</name>
         <load_address>0x4994</load_address>
         <run_address>0x4994</run_address>
         <size>0xe</size>
         <input_file_ref idref="fl-49"/>
      </object_component>
      <object_component id="oc-4f7">
         <name>.text:nvs_ring_entries</name>
         <load_address>0x46f6</load_address>
         <run_address>0x46f6</run_address>
         <size>0x20</size>
         <input_file_ref idref="fl-4c"/>
      </object_component>
      <object_component id="oc-4fe">
         <name>.text:nvs_ring_retrieve</name>
         <load_address>0x3dfe</load_address>
         <run_address>0x3dfe</run_address>
         <size>0x70</size>
         <input_file_ref idref="fl-4c"/>
      </object_component>
      <object_component id="oc-504">
         <name>.text:nvs_ring_reset</name>
         <load_address>0x428c</load_address>
         <run_address>0x428c</run_address>
         <size>0x40</size>
         <input_file_ref idref="fl-4c"/>
      </object_component>
      <object_component id="oc-3af">
         <name>.text:nvs_ring_init</name>
         <load_address>0x2c4c</load_address>
         <run_address>0x2c4c</run_address>
         <size>0x1fc</size>
         <input_file_ref idref="fl-4c"/>
      </object_component>
      <object_component id="oc-50a">
         <name>.text:nvs_ring_add</name>
         <load_address>0x3af2</load_address>
         <run_address>0x3af2</run_address>
         <size>0xa4</size>
         <input_file_ref idref="fl-4c"/>
      </object_component>
      <object_component id="oc-47d">
         <name>.text:nvs_unlockFRAM</name>
         <load_address>0x4716</load_address>
         <run_address>0x4716</run_address>
         <size>0x20</size>
         <input_file_ref idref="fl-4d"/>
      </object_component>
      <object_component id="oc-489">
         <name>.text:nvs_lockFRAM</name>
         <load_address>0x482c</load_address>
         <run_address>0x482c</run_address>
         <size>0x18</size>
         <input_file_ref idref="fl-4d"/>
      </object_component>
      <object_component id="oc-477">
         <name>.text:nvs_crc</name>
         <load_address>0x4772</load_address>
         <run_address>0x4772</run_address>
         <size>0x1e</size>
         <input_file_ref idref="fl-4d"/>
      </object_component>
      <object_component id="oc-68a">
         <name>.text:jsmn_alloc_token</name>
         <load_address>0x468e</load_address>
         <run_address>0x468e</run_address>
         <size>0x24</size>
         <input_file_ref idref="fl-4e"/>
      </object_component>
      <object_component id="oc-684">
         <name>.text:jsmn_parse_primitive</name>
         <load_address>0x3b96</load_address>
         <run_address>0x3b96</run_address>
         <size>0xa2</size>
         <input_file_ref idref="fl-4e"/>
      </object_component>
      <object_component id="oc-690">
         <name>.text:jsmn_parse_string</name>
         <load_address>0x355c</load_address>
         <run_address>0x355c</run_address>
         <size>0x104</size>
         <input_file_ref idref="fl-4e"/>
      </object_component>
      <object_component id="oc-61c">
         <name>.text:jsmn_parse</name>
         <load_address>0x2a44</load_address>
         <run_address>0x2a44</run_address>
         <size>0x208</size>
         <input_file_ref idref="fl-4e"/>
      </object_component>
      <object_component id="oc-60d">
         <name>.text:jsmn_init</name>
         <load_address>0x49a2</load_address>
         <run_address>0x49a2</run_address>
         <size>0xe</size>
         <input_file_ref idref="fl-4e"/>
      </object_component>
      <object_component id="oc-5ca">
         <name>.text:_Q8toa</name>
         <load_address>0x2e48</load_address>
         <run_address>0x2e48</run_address>
         <size>0x1c2</size>
         <input_file_ref idref="fl-57"/>
      </object_component>
      <object_component id="oc-4da">
         <name>.text:_Q8toF</name>
         <load_address>0x4002</load_address>
         <run_address>0x4002</run_address>
         <size>0x5c</size>
         <input_file_ref idref="fl-58"/>
      </object_component>
      <object_component id="oc-4b7">
         <name>.text</name>
         <load_address>0x32fc</load_address>
         <run_address>0x32fc</run_address>
         <size>0x132</size>
         <input_file_ref idref="fl-78"/>
      </object_component>
      <object_component id="oc-4db">
         <name>.text</name>
         <load_address>0x41fc</load_address>
         <run_address>0x41fc</run_address>
         <size>0x4a</size>
         <input_file_ref idref="fl-79"/>
      </object_component>
      <object_component id="oc-4b2">
         <name>.text</name>
         <load_address>0x3cda</load_address>
         <run_address>0x3cda</run_address>
         <size>0x9c</size>
         <input_file_ref idref="fl-7a"/>
      </object_component>
      <object_component id="oc-4a3">
         <name>.text</name>
         <load_address>0x4458</load_address>
         <run_address>0x4458</run_address>
         <size>0x36</size>
         <input_file_ref idref="fl-7b"/>
      </object_component>
      <object_component id="oc-4a8">
         <name>.text</name>
         <load_address>0x381a</load_address>
         <run_address>0x381a</run_address>
         <size>0xc4</size>
         <input_file_ref idref="fl-7c"/>
      </object_component>
      <object_component id="oc-4eb">
         <name>.text</name>
         <load_address>0x4a2e</load_address>
         <run_address>0x4a2e</run_address>
         <size>0xa</size>
         <input_file_ref idref="fl-7d"/>
      </object_component>
      <object_component id="oc-4bc">
         <name>.text</name>
         <load_address>0x3edc</load_address>
         <run_address>0x3edc</run_address>
         <size>0x68</size>
         <input_file_ref idref="fl-7e"/>
      </object_component>
      <object_component id="oc-4e6">
         <name>.text</name>
         <load_address>0x4246</load_address>
         <run_address>0x4246</run_address>
         <size>0x46</size>
         <input_file_ref idref="fl-7f"/>
      </object_component>
      <object_component id="oc-4ad">
         <name>.text</name>
         <load_address>0x46b2</load_address>
         <run_address>0x46b2</run_address>
         <size>0x24</size>
         <input_file_ref idref="fl-80"/>
      </object_component>
      <object_component id="oc-281">
         <name>.text:_isr:__TI_ISR_TRAP</name>
         <load_address>0x4a6a</load_address>
         <run_address>0x4a6a</run_address>
         <size>0x8</size>
         <input_file_ref idref="fl-8e"/>
      </object_component>
      <object_component id="oc-57d">
         <name>.text</name>
         <load_address>0x4a38</load_address>
         <run_address>0x4a38</run_address>
         <size>0xa</size>
         <input_file_ref idref="fl-8f"/>
      </object_component>
      <object_component id="oc-472">
         <name>.text</name>
         <load_address>0x48c2</load_address>
         <run_address>0x48c2</run_address>
         <size>0x14</size>
         <input_file_ref idref="fl-92"/>
      </object_component>
      <object_component id="oc-2b0">
         <name>.text:_c_int00_noargs</name>
         <load_address>0x47ac</load_address>
         <run_address>0x47ac</run_address>
         <size>0x1c</size>
         <input_file_ref idref="fl-98"/>
      </object_component>
      <object_component id="oc-3e7">
         <name>.text:__TI_auto_init_nobinit_nopinit_hold_wdt:__TI_auto_init_nobinit_nopinit_hold_wdt</name>
         <load_address>0x410e</load_address>
         <run_address>0x410e</run_address>
         <size>0x52</size>
         <input_file_ref idref="fl-99"/>
      </object_component>
      <object_component id="oc-29e">
         <name>.text:decompress:ZI:__TI_zero_init_nomemset:__TI_zero_init_nomemset</name>
         <load_address>0x489a</load_address>
         <run_address>0x489a</run_address>
         <size>0x14</size>
         <input_file_ref idref="fl-9a"/>
      </object_component>
      <object_component id="oc-529">
         <name>.text:_system_post_cinit</name>
         <load_address>0x4a94</load_address>
         <run_address>0x4a94</run_address>
         <size>0x2</size>
         <input_file_ref idref="fl-9d"/>
      </object_component>
      <object_component id="oc-6e">
         <name>.text:decompress:none:__TI_decompress_none</name>
         <load_address>0x4930</load_address>
         <run_address>0x4930</run_address>
         <size>0x12</size>
         <input_file_ref idref="fl-9e"/>
      </object_component>
      <object_component id="oc-68">
         <name>.text:decompress:lzss:__TI_decompress_lzss</name>
         <load_address>0x3e6e</load_address>
         <run_address>0x3e6e</run_address>
         <size>0x6e</size>
         <input_file_ref idref="fl-9f"/>
      </object_component>
      <object_component id="oc-3c3">
         <name>.text:abort</name>
         <load_address>0x4a88</load_address>
         <run_address>0x4a88</run_address>
         <size>0x6</size>
         <input_file_ref idref="fl-a0"/>
      </object_component>
      <object_component id="oc-26e">
         <name>.text:memcpy</name>
         <load_address>0x4942</load_address>
         <run_address>0x4942</run_address>
         <size>0x12</size>
         <input_file_ref idref="fl-a3"/>
      </object_component>
      <object_component id="oc-483">
         <name>.text:memset</name>
         <load_address>0x48ae</load_address>
         <run_address>0x48ae</run_address>
         <size>0x14</size>
         <input_file_ref idref="fl-a4"/>
      </object_component>
      <object_component id="oc-613">
         <name>.text:strlen</name>
         <load_address>0x49b0</load_address>
         <run_address>0x49b0</run_address>
         <size>0xe</size>
         <input_file_ref idref="fl-a5"/>
      </object_component>
      <object_component id="oc-622">
         <name>.text:strncmp</name>
         <load_address>0x45ce</load_address>
         <run_address>0x45ce</run_address>
         <size>0x2a</size>
         <input_file_ref idref="fl-a6"/>
      </object_component>
      <object_component id="oc-566">
         <name>.text:strtof</name>
         <load_address>0x2682</load_address>
         <run_address>0x2682</run_address>
         <size>0x3c2</size>
         <input_file_ref idref="fl-a7"/>
      </object_component>
      <object_component id="oc-62c">
         <name>.text:toupper</name>
[...]
         <value>0x4522</value>
         <object_component_ref idref="oc-286"/>
      </symbol>
      <symbol id="sm-404">
         <name>__TI_int48</name>
         <value>0xffe8</value>
         <object_component_ref idref="oc-7b"/>
      </symbol>
      <symbol id="sm-405">
         <name>__TI_int43</name>
         <value>0xffde</value>
         <object_component_ref idref="oc-76"/>
      </symbol>
      <symbol id="sm-406">
         <name>__TI_int41</name>
         <value>0xffda</value>
         <object_component_ref idref="oc-74"/>
      </symbol>
      <symbol id="sm-407">
         <name>main</name>
         <value>0x3c38</value>
         <object_component_ref idref="oc-323"/>
      </symbol>
      <symbol id="sm-408">
         <name>Port2_ISR</name>
         <value>0x3998</value>
         <object_component_ref idref="oc-27b"/>
      </symbol>
      <symbol id="sm-409">
         <name>nvsStorage</name>
         <value>0x1008</value>
         <object_component_ref idref="oc-3ac"/>
      </symbol>
      <symbol id="sm-40a">
         <name>GUI_RXCommands</name>
         <value>0x267c</value>
         <object_component_ref idref="oc-39d"/>
      </symbol>
      <symbol id="sm-40b">
         <name>initAdc</name>
         <value>0x405e</value>
         <object_component_ref idref="oc-3a6"/>
      </symbol>
      <symbol id="sm-40c">
         <name>RTC_ISR</name>
         <value>0x4974</value>
         <object_component_ref idref="oc-292"/>
      </symbol>
      <symbol id="sm-464">
         <name>GUI_InitRxCmd</name>
         <value>0x4a06</value>
         <object_component_ref idref="oc-3a0"/>
      </symbol>
      <symbol id="sm-465">
         <name>GUI_Init</name>
         <value>0x48d6</value>
         <object_component_ref idref="oc-397"/>
      </symbol>
      <symbol id="sm-466">
         <name>GUI_TransmitStringBlocking</name>
         <value>0x45f8</value>
         <object_component_ref idref="oc-5be"/>
      </symbol>
      <symbol id="sm-486">
         <name>RxByteISRCallback</name>
         <value>0x225e</value>
      </symbol>
      <symbol id="sm-487">
         <name>HAL_GUI_TransmitCharBlocking</name>
         <value>0x47e2</value>
         <object_component_ref idref="oc-5b8"/>
      </symbol>
      <symbol id="sm-488">
         <name>__TI_int46</name>
         <value>0xffe4</value>
         <object_component_ref idref="oc-79"/>
      </symbol>
      <symbol id="sm-489">
         <name>USCI_A0_ISR</name>
         <value>0x4644</value>
         <object_component_ref idref="oc-28c"/>
      </symbol>
      <symbol id="sm-48a">
         <name>HAL_GUI_Init</name>
         <value>0x461e</value>
         <object_component_ref idref="oc-424"/>
      </symbol>
      <symbol id="sm-49a">
         <name>HAL_IO_InitButtons</name>
         <value>0x48e8</value>
         <object_component_ref idref="oc-391"/>
      </symbol>
      <symbol id="sm-49b">
         <name>HAL_IO_Init</name>
         <value>0x43b6</value>
         <object_component_ref idref="oc-410"/>
      </symbol>
      <symbol id="sm-4b8">
         <name>HAL_System_Init</name>
         <value>0x44f2</value>
         <object_component_ref idref="oc-38b"/>
      </symbol>
      <symbol id="sm-4f7">
         <name>ADC_setupSamplingTimer</name>
         <value>0x4886</value>
         <object_component_ref idref="oc-445"/>
      </symbol>
      <symbol id="sm-4f8">
         <name>ADC_configureMemory</name>
         <value>0x44c2</value>
         <object_component_ref idref="oc-44b"/>
      </symbol>
      <symbol id="sm-4f9">
         <name>ADC_enableInterrupt</name>
         <value>0x4a52</value>
         <object_component_ref idref="oc-457"/>
      </symbol>
      <symbol id="sm-4fa">
         <name>ADC_startConversion</name>
         <value>0x4790</value>
         <object_component_ref idref="oc-49d"/>
      </symbol>
      <symbol id="sm-4fb">
         <name>ADC_init</name>
         <value>0x448e</value>
         <object_component_ref idref="oc-439"/>
      </symbol>
      <symbol id="sm-4fc">
         <name>ADC_getResults</name>
         <value>0x4a82</value>
         <object_component_ref idref="oc-2fa"/>
      </symbol>
      <symbol id="sm-4fd">
         <name>ADC_enable</name>
         <value>0x4a4a</value>
         <object_component_ref idref="oc-43f"/>
      </symbol>
      <symbol id="sm-4fe">
         <name>ADC_clearInterrupt</name>
         <value>0x4a42</value>
         <object_component_ref idref="oc-451"/>
      </symbol>
      <symbol id="sm-521">
         <name>GPIO_setOutputHighOnPin</name>
         <value>0x4844</value>
         <object_component_ref idref="oc-308"/>
      </symbol>
      <symbol id="sm-522">
         <name>GPIO_setOutputLowOnPin</name>
         <value>0x485a</value>
         <object_component_ref idref="oc-30e"/>
      </symbol>
      <symbol id="sm-53b">
         <name>PMM_enableInternalReference</name>
         <value>0x4954</value>
         <object_component_ref idref="oc-469"/>
      </symbol>
      <symbol id="sm-53c">
         <name>PMM_getVariableReferenceVoltageStatus</name>
         <value>0x4a10</value>
         <object_component_ref idref="oc-45d"/>
      </symbol>
      <symbol id="sm-53d">
         <name>PMM_enableTempSensor</name>
         <value>0x4964</value>
         <object_component_ref idref="oc-463"/>
      </symbol>
      <symbol id="sm-550">
         <name>RTC_stop</name>
         <value>0x4a5a</value>
         <object_component_ref idref="oc-491"/>
      </symbol>
      <symbol id="sm-551">
         <name>RTC_start</name>
         <value>0x48fa</value>
         <object_component_ref idref="oc-4f1"/>
      </symbol>
      <symbol id="sm-579">
         <name>Timer_A_outputPWM</name>
         <value>0x40b8</value>
         <object_component_ref idref="oc-593"/>
      </symbol>
      <symbol id="sm-57a">
         <name>Timer_A_setCompareValue</name>
         <value>0x4a62</value>
         <object_component_ref idref="oc-4e0"/>
      </symbol>
      <symbol id="sm-57b">
         <name>Timer_A_initUpMode</name>
         <value>0x3f44</value>
         <object_component_ref idref="oc-59c"/>
      </symbol>
      <symbol id="sm-57c">
         <name>Timer_A_startCounter</name>
         <value>0x49be</value>
         <object_component_ref idref="oc-5a2"/>
      </symbol>
      <symbol id="sm-59b">
         <name>ctpl_enterLpm35</name>
         <value>0x4a24</value>
         <object_component_ref idref="oc-510"/>
      </symbol>
      <symbol id="sm-5b7">
         <name>ctpl_init</name>
         <value>0x300a</value>
         <object_component_ref idref="oc-385"/>
      </symbol>
      <symbol id="sm-5b8">
         <name>ctpl_saveCpuStackEnterLpm</name>
         <value>0x3074</value>
         <object_component_ref idref="oc-385"/>
      </symbol>
      <symbol id="sm-5d6">
         <name>ctpl_CS_save</name>
         <value>0x430a</value>
         <object_component_ref idref="oc-742"/>
      </symbol>
      <symbol id="sm-5d7">
         <name>ctpl_CS_restore</name>
         <value>0x4160</value>
         <object_component_ref idref="oc-748"/>
      </symbol>
      <symbol id="sm-5ef">
         <name>ctpl_FRAM_save</name>
         <value>0x49ca</value>
         <object_component_ref idref="oc-720"/>
      </symbol>
      <symbol id="sm-5f0">
         <name>ctpl_FRAM_restore</name>
         <value>0x47fc</value>
         <object_component_ref idref="oc-726"/>
      </symbol>
      <symbol id="sm-606">
         <name>ctpl_MPY32_restore</name>
         <value>0x4422</value>
         <object_component_ref idref="oc-792"/>
      </symbol>
      <symbol id="sm-607">
         <name>ctpl_MPY32_save</name>
         <value>0x437e</value>
         <object_component_ref idref="oc-78c"/>
      </symbol>
      <symbol id="sm-61a">
         <name>ctpl_PMM_restore</name>
         <value>0x4814</value>
         <object_component_ref idref="oc-737"/>
      </symbol>
      <symbol id="sm-61b">
         <name>ctpl_PMM_save</name>
         <value>0x49d6</value>
         <object_component_ref idref="oc-731"/>
      </symbol>
      <symbol id="sm-62e">
         <name>ctpl_PORT_save</name>
         <value>0x46d6</value>
         <object_component_ref idref="oc-70f"/>
      </symbol>
      <symbol id="sm-62f">
         <name>ctpl_PORT_restore</name>
         <value>0x4736</value>
         <object_component_ref idref="oc-715"/>
      </symbol>
      <symbol id="sm-64b">
         <name>ctpl_PORT_INT_epilogue</name>
         <value>0x49e2</value>
         <object_component_ref idref="oc-704"/>
      </symbol>
      <symbol id="sm-64c">
         <name>ctpl_PORT_INT_restore</name>
         <value>0x457a</value>
         <object_component_ref idref="oc-6fe"/>
      </symbol>
      <symbol id="sm-64d">
         <name>ctpl_PORT_INT_save</name>
         <value>0x4344</value>
         <object_component_ref idref="oc-6f8"/>
      </symbol>
      <symbol id="sm-663">
         <name>ctpl_RTC_restore</name>
         <value>0x491e</value>
         <object_component_ref idref="oc-781"/>
      </symbol>
      <symbol id="sm-664">
         <name>ctpl_RTC_save</name>
         <value>0x4870</value>
         <object_component_ref idref="oc-77b"/>
      </symbol>
      <symbol id="sm-681">
         <name>ctpl_SFR_save</name>
         <value>0x4984</value>
         <object_component_ref idref="oc-764"/>
      </symbol>
      <symbol id="sm-682">
         <name>ctpl_SFR_epilogue</name>
         <value>0x4a8e</value>
         <object_component_ref idref="oc-770"/>
      </symbol>
      <symbol id="sm-683">
         <name>ctpl_SFR_restore</name>
         <value>0x4a7a</value>
         <object_component_ref idref="oc-76a"/>
      </symbol>
      <symbol id="sm-696">
         <name>ctpl_SYS_save</name>
         <value>0x4754</value>
         <object_component_ref idref="oc-753"/>
      </symbol>
      <symbol id="sm-697">
         <name>ctpl_SYS_restore</name>
         <value>0x45a4</value>
         <object_component_ref idref="oc-759"/>
      </symbol>
      <symbol id="sm-6b6">
         <name>ctpl_WDT_A_restore</name>
         <value>0x4a96</value>
         <object_component_ref idref="oc-7a3"/>
      </symbol>
      <symbol id="sm-6b7">
         <name>ctpl_WDT_A_epilogue</name>
         <value>0x4994</value>
         <object_component_ref idref="oc-7a9"/>
      </symbol>
      <symbol id="sm-6b8">
         <name>ctpl_WDT_A_save</name>
         <value>0x49ee</value>
         <object_component_ref idref="oc-79d"/>
      </symbol>
      <symbol id="sm-711">
         <name>nvs_ring_entries</name>
         <value>0x46f6</value>
         <object_component_ref idref="oc-4f7"/>
      </symbol>
      <symbol id="sm-712">
         <name>nvs_ring_init</name>
         <value>0x2c4c</value>
         <object_component_ref idref="oc-3af"/>
      </symbol>
      <symbol id="sm-713">
         <name>nvs_ring_add</name>
         <value>0x3af2</value>
         <object_component_ref idref="oc-50a"/>
      </symbol>
      <symbol id="sm-714">
         <name>nvs_ring_reset</name>
         <value>0x428c</value>
         <object_component_ref idref="oc-504"/>
      </symbol>
      <symbol id="sm-715">
         <name>nvs_ring_retrieve</name>
         <value>0x3dfe</value>
         <object_component_ref idref="oc-4fe"/>
      </symbol>
      <symbol id="sm-731">
         <name>nvs_lockFRAM</name>
         <value>0x482c</value>
         <object_component_ref idref="oc-489"/>
      </symbol>
      <symbol id="sm-732">
         <name>nvs_crc</name>
         <value>0x4772</value>
         <object_component_ref idref="oc-477"/>
      </symbol>
      <symbol id="sm-733">
         <name>nvs_unlockFRAM</name>
         <value>0x4716</value>
         <object_component_ref idref="oc-47d"/>
      </symbol>
      <symbol id="sm-79c">
         <name>jsmn_init</name>
         <value>0x49a2</value>
         <object_component_ref idref="oc-60d"/>
      </symbol>
      <symbol id="sm-79d">
         <name>jsmn_parse</name>
         <value>0x2a44</value>
         <object_component_ref idref="oc-61c"/>
      </symbol>
      <symbol id="sm-7af">
         <name>_Q8toa</name>
         <value>0x2e48</value>
         <object_component_ref idref="oc-5ca"/>
      </symbol>
      <symbol id="sm-7b7">
         <name>_Q8toF</name>
         <value>0x4002</value>
         <object_component_ref idref="oc-4da"/>
      </symbol>
      <symbol id="sm-7d7">
         <name>__mspabi_subf</name>
         <value>0x32fc</value>
         <object_component_ref idref="oc-4b7"/>
      </symbol>
      <symbol id="sm-7d8">
         <name>__mspabi_addf</name>
         <value>0x3302</value>
         <object_component_ref idref="oc-4b7"/>
      </symbol>
      <symbol id="sm-7e8">
         <name>__mspabi_cmpf</name>
         <value>0x41fc</value>
         <object_component_ref idref="oc-4db"/>
      </symbol>
      <symbol id="sm-7fa">
         <name>__mspabi_divf</name>
         <value>0x3cda</value>
         <object_component_ref idref="oc-4b2"/>
      </symbol>
      <symbol id="sm-807">
         <name>__mspabi_fltif</name>
         <value>0x4458</value>
         <object_component_ref idref="oc-4a3"/>
      </symbol>
      <symbol id="sm-81e">
         <name>__mspabi_mpyf</name>
         <value>0x381a</value>
         <object_component_ref idref="oc-4a8"/>
      </symbol>
      <symbol id="sm-827">
         <name>__mspabi_negf</name>
         <value>0x4a2e</value>
         <object_component_ref idref="oc-4eb"/>
      </symbol>
      <symbol id="sm-839">
         <name>__mspabi_fixfi</name>
         <value>0x3edc</value>
         <object_component_ref idref="oc-4bc"/>
      </symbol>
      <symbol id="sm-848">
         <name>__mspabi_fixfu</name>
         <value>0x4246</value>
         <object_component_ref idref="oc-4e6"/>
      </symbol>
      <symbol id="sm-853">
         <name>__mspabi_fltuf</name>
         <value>0x46b2</value>
         <object_component_ref idref="oc-4ad"/>
      </symbol>
      <symbol id="sm-856">
         <name>__TI_int42</name>
         <value>0xffdc</value>
         <object_component_ref idref="oc-75"/>
      </symbol>
      <symbol id="sm-859">
         <name>__TI_int44</name>
         <value>0xffe0</value>
         <object_component_ref idref="oc-77"/>
      </symbol>
      <symbol id="sm-85c">
         <name>__TI_int45</name>
         <value>0xffe2</value>
         <object_component_ref idref="oc-78"/>
      </symbol>
      <symbol id="sm-85f">
         <name>__TI_int47</name>
         <value>0xffe6</value>
         <object_component_ref idref="oc-7a"/>
      </symbol>
      <symbol id="sm-862">
         <name>__TI_int49</name>
         <value>0xffea</value>
         <object_component_ref idref="oc-7c"/>
      </symbol>
      <symbol id="sm-865">
         <name>__TI_int50</name>
         <value>0xffec</value>
         <object_component_ref idref="oc-7d"/>
      </symbol>
      <symbol id="sm-868">
         <name>__TI_int51</name>
         <value>0xffee</value>
         <object_component_ref idref="oc-7e"/>
      </symbol>
      <symbol id="sm-86b">
         <name>__TI_int52</name>
         <value>0xfff0</value>
         <object_component_ref idref="oc-7f"/>
      </symbol>
      <symbol id="sm-86e">
         <name>__TI_int53</name>
         <value>0xfff2</value>
         <object_component_ref idref="oc-80"/>
      </symbol>
      <symbol id="sm-871">
         <name>__TI_int55</name>
         <value>0xfff6</value>
         <object_component_ref idref="oc-82"/>
      </symbol>
      <symbol id="sm-874">
         <name>__TI_int56</name>
         <value>0xfff8</value>
         <object_component_ref idref="oc-83"/>
      </symbol>
      <symbol id="sm-877">
         <name>__TI_int57</name>
         <value>0xfffa</value>
         <object_component_ref idref="oc-84"/>
      </symbol>
      <symbol id="sm-87a">
         <name>__TI_int58</name>
         <value>0xfffc</value>
         <object_component_ref idref="oc-85"/>
      </symbol>
      <symbol id="sm-882">
         <name>__TI_ISR_TRAP</name>
         <value>0x4a6a</value>
         <object_component_ref idref="oc-281"/>
      </symbol>
      <symbol id="sm-88b">
         <name>__mspabi_slli</name>
         <value>0x4a38</value>
         <object_component_ref idref="oc-57d"/>
      </symbol>
      <symbol id="sm-895">
         <name>__mspabi_mpyi_f5hw</name>
         <value>0x48c2</value>
         <object_component_ref idref="oc-472"/>
      </symbol>
      <symbol id="sm-8aa">
         <name>_stack</name>
         <value>0x2f60</value>
         <object_component_ref idref="oc-25f"/>
      </symbol>
      <symbol id="sm-8ab">
         <name>_c_int00_noargs</name>
         <value>0x47ac</value>
         <object_component_ref idref="oc-2b0"/>
      </symbol>
      <symbol id="sm-8ac">
         <name>_reset_vector</name>
         <value>0xfffe</value>
         <object_component_ref idref="oc-262"/>
      </symbol>
      <symbol id="sm-8ce">
         <name>__TI_auto_init_nobinit_nopinit_hold_wdt</name>
         <value>0x410e</value>
         <object_component_ref idref="oc-3e7"/>
      </symbol>
      <symbol id="sm-8e1">
         <name>__TI_zero_init_nomemset</name>
         <value>0x489a</value>
         <object_component_ref idref="oc-29e"/>
      </symbol>
      <symbol id="sm-8ec">
         <name>_system_post_cinit</name>
         <value>0x4a94</value>
         <object_component_ref idref="oc-529"/>
      </symbol>
      <symbol id="sm-902">
         <name>__TI_decompress_none</name>
         <value>0x4930</value>
         <object_component_ref idref="oc-6e"/>
      </symbol>
      <symbol id="sm-925">
         <name>__TI_decompress_lzss</name>
         <value>0x3e6e</value>
         <object_component_ref idref="oc-68"/>
      </symbol>
      <symbol id="sm-92f">
         <name>C$$EXIT</name>
         <value>0x4a88</value>
         <object_component_ref idref="oc-3c3"/>
      </symbol>
      <symbol id="sm-930">
         <name>abort</name>
         <value>0x4a88</value>
         <object_component_ref idref="oc-3c3"/>
      </symbol>
      <symbol id="sm-940">
         <name>memcpy</name>
         <value>0x4942</value>
         <object_component_ref idref="oc-26e"/>
      </symbol>
      <symbol id="sm-94e">
         <name>memset</name>
         <value>0x48ae</value>
         <object_component_ref idref="oc-483"/>
      </symbol>
      <symbol id="sm-95b">
         <name>strlen</name>
         <value>0x49b0</value>
         <object_component_ref idref="oc-613"/>
      </symbol>
      <symbol id="sm-96b">
         <name>strncmp</name>
         <value>0x45ce</value>
         <object_component_ref idref="oc-622"/>
      </symbol>
      <symbol id="sm-9c2">
         <name>strtof</name>
         <value>0x2682</value>
         <object_component_ref idref="oc-566"/>
      </symbol>
      <symbol id="sm-9cf">
         <name>toupper</name>
         <value>0x49fa</value>
         <object_component_ref idref="oc-62c"/>
      </symbol>
      <symbol id="sm-9d6">
         <name>errno</name>
         <value>0x2276</value>
         <object_component_ref idref="oc-638"/>
      </symbol>
      <symbol id="sm-9e0">
         <name>abs</name>
         <value>0x4a1a</value>
         <object_component_ref idref="oc-641"/>
      </symbol>
      <symbol id="sm-a04">
         <name>scalbnf</name>
         <value>0x3660</value>
         <object_component_ref idref="oc-63b"/>
      </symbol>
      <symbol id="sm-a05">
         <name>ldexpf</name>
         <value>0x3660</value>
         <object_component_ref idref="oc-63b"/>
      </symbol>
      <symbol id="sm-a0e">
         <name>copysignf</name>
         <value>0x490c</value>
         <object_component_ref idref="oc-6a9"/>
      </symbol>
      <symbol id="sm-a29">
         <name>_ctypes_</name>
         <value>0x2422</value>
         <object_component_ref idref="oc-629"/>
      </symbol>
   </symbol_table>
   <title>Link errors: red sections failed placement,available memory ranges in purple</title>
</link_info>
